<?xml version="1.0" encoding="ISO-8859-1" ?>
<link_info>
   <banner>MSP430 Linker Unix v21.6.0.LTS</banner>
   <copyright>Copyright (c) 2003-2018 Texas Instruments Incorporated</copyright>
   <link_time>0x629e7632</link_time>
   <link_errors>0x0</link_errors>
   <output_file>servidorSerRTOS5995_Leds.out</output_file>
   <entry_point>
      <name>_c_int00_noargs_mpu</name>
      <address>0x7e2c</address>
   </entry_point>
   <input_file_list>
      <input_file id="fl-2">
         <path>./</path>
         <kind>object</kind>
         <file>main.obj</file>
         <name>main.obj</name>
      </input_file>
      <input_file id="fl-3">
         <path>./</path>
         <kind>object</kind>
         <file>serieRTOS.obj</file>
         <name>serieRTOS.obj</name>
      </input_file>
      <input_file id="fl-4">
         <path>./FreeRTOS_Source/MenMang/</path>
         <kind>object</kind>
         <file>heap_4.obj</file>
         <name>heap_4.obj</name>
      </input_file>
      <input_file id="fl-5">
         <path>./FreeRTOS_Source/</path>
         <kind>object</kind>
         <file>event_groups.obj</file>
         <name>event_groups.obj</name>
      </input_file>
      <input_file id="fl-6">
         <path>./FreeRTOS_Source/</path>
         <kind>object</kind>
         <file>list.obj</file>
         <name>list.obj</name>
      </input_file>
      <input_file id="fl-7">
         <path>./FreeRTOS_Source/</path>
         <kind>object</kind>
         <file>queue.obj</file>
         <name>queue.obj</name>
      </input_file>
      <input_file id="fl-8">
         <path>./FreeRTOS_Source/</path>
         <kind>object</kind>
         <file>stream_buffer.obj</file>
         <name>stream_buffer.obj</name>
      </input_file>
      <input_file id="fl-9">
         <path>./FreeRTOS_Source/</path>
         <kind>object</kind>
         <file>tasks.obj</file>
         <name>tasks.obj</name>
      </input_file>
      <input_file id="fl-a">
         <path>./FreeRTOS_Source/</path>
         <kind>object</kind>
         <file>timers.obj</file>
         <name>timers.obj</name>
      </input_file>
      <input_file id="fl-b">
         <path>./FreeRTOS_Source/portable/CCS/MSP430X/</path>
         <kind>object</kind>
         <file>port.obj</file>
         <name>port.obj</name>
      </input_file>
      <input_file id="fl-c">
         <path>./FreeRTOS_Source/portable/CCS/MSP430X/</path>
         <kind>object</kind>
         <file>portext.obj</file>
         <name>portext.obj</name>
      </input_file>
      <input_file id="fl-d">
         <path>./driverlib/MSP430FR5xx_6xx/</path>
         <kind>object</kind>
         <file>adc12_b.obj</file>
         <name>adc12_b.obj</name>
      </input_file>
      <input_file id="fl-e">
         <path>./driverlib/MSP430FR5xx_6xx/</path>
         <kind>object</kind>
         <file>aes256.obj</file>
         <name>aes256.obj</name>
      </input_file>
      <input_file id="fl-f">
         <path>./driverlib/MSP430FR5xx_6xx/</path>
         <kind>object</kind>
         <file>comp_e.obj</file>
         <name>comp_e.obj</name>
      </input_file>
      <input_file id="fl-10">
         <path>./driverlib/MSP430FR5xx_6xx/</path>
         <kind>object</kind>
         <file>crc.obj</file>
         <name>crc.obj</name>
      </input_file>
      <input_file id="fl-11">
         <path>./driverlib/MSP430FR5xx_6xx/</path>
         <kind>object</kind>
         <file>crc32.obj</file>
         <name>crc32.obj</name>
      </input_file>
      <input_file id="fl-12">
         <path>./driverlib/MSP430FR5xx_6xx/</path>
         <kind>object</kind>
         <file>cs.obj</file>
         <name>cs.obj</name>
      </input_file>
      <input_file id="fl-13">
         <path>./driverlib/MSP430FR5xx_6xx/</path>
         <kind>object</kind>
         <file>dma.obj</file>
         <name>dma.obj</name>
      </input_file>
      <input_file id="fl-14">
         <path>./driverlib/MSP430FR5xx_6xx/</path>
         <kind>object</kind>
         <file>esi.obj</file>
         <name>esi.obj</name>
      </input_file>
      <input_file id="fl-15">
         <path>./driverlib/MSP430FR5xx_6xx/</path>
         <kind>object</kind>
         <file>eusci_a_spi.obj</file>
         <name>eusci_a_spi.obj</name>
      </input_file>
      <input_file id="fl-16">
         <path>./driverlib/MSP430FR5xx_6xx/</path>
         <kind>object</kind>
         <file>eusci_a_uart.obj</file>
         <name>eusci_a_uart.obj</name>
      </input_file>
      <input_file id="fl-17">
         <path>./driverlib/MSP430FR5xx_6xx/</path>
         <kind>object</kind>
         <file>eusci_b_i2c.obj</file>
         <name>eusci_b_i2c.obj</name>
      </input_file>
      <input_file id="fl-18">
         <path>./driverlib/MSP430FR5xx_6xx/</path>
         <kind>object</kind>
         <file>eusci_b_spi.obj</file>
         <name>eusci_b_spi.obj</name>
      </input_file>
      <input_file id="fl-19">
         <path>./driverlib/MSP430FR5xx_6xx/</path>
         <kind>object</kind>
         <file>framctl.obj</file>
         <name>framctl.obj</name>
      </input_file>
      <input_file id="fl-1a">
         <path>./driverlib/MSP430FR5xx_6xx/</path>
         <kind>object</kind>
         <file>framctl_a.obj</file>
         <name>framctl_a.obj</name>
      </input_file>
      <input_file id="fl-1b">
         <path>./driverlib/MSP430FR5xx_6xx/</path>
         <kind>object</kind>
         <file>gpio.obj</file>
         <name>gpio.obj</name>
      </input_file>
      <input_file id="fl-1c">
         <path>./driverlib/MSP430FR5xx_6xx/</path>
         <kind>object</kind>
         <file>hspll.obj</file>
         <name>hspll.obj</name>
      </input_file>
      <input_file id="fl-1d">
         <path>./driverlib/MSP430FR5xx_6xx/</path>
         <kind>object</kind>
         <file>lcd_c.obj</file>
         <name>lcd_c.obj</name>
      </input_file>
      <input_file id="fl-1e">
         <path>./driverlib/MSP430FR5xx_6xx/</path>
         <kind>object</kind>
         <file>mpu.obj</file>
         <name>mpu.obj</name>
      </input_file>
      <input_file id="fl-1f">
         <path>./driverlib/MSP430FR5xx_6xx/</path>
         <kind>object</kind>
         <file>mpy32.obj</file>
         <name>mpy32.obj</name>
      </input_file>
      <input_file id="fl-20">
         <path>./driverlib/MSP430FR5xx_6xx/</path>
         <kind>object</kind>
         <file>mtif.obj</file>
         <name>mtif.obj</name>
      </input_file>
      <input_file id="fl-21">
         <path>./driverlib/MSP430FR5xx_6xx/</path>
         <kind>object</kind>
         <file>pmm.obj</file>
         <name>pmm.obj</name>
      </input_file>
      <input_file id="fl-22">
         <path>./driverlib/MSP430FR5xx_6xx/</path>
         <kind>object</kind>
         <file>ram.obj</file>
         <name>ram.obj</name>
      </input_file>
      <input_file id="fl-23">
         <path>./driverlib/MSP430FR5xx_6xx/</path>
         <kind>object</kind>
         <file>ref_a.obj</file>
         <name>ref_a.obj</name>
      </input_file>
      <input_file id="fl-24">
         <path>./driverlib/MSP430FR5xx_6xx/</path>
         <kind>object</kind>
         <file>rtc_b.obj</file>
         <name>rtc_b.obj</name>
      </input_file>
      <input_file id="fl-25">
         <path>./driverlib/MSP430FR5xx_6xx/</path>
         <kind>object</kind>
         <file>rtc_c.obj</file>
         <name>rtc_c.obj</name>
      </input_file>
      <input_file id="fl-26">
         <path>./driverlib/MSP430FR5xx_6xx/</path>
         <kind>object</kind>
         <file>saph.obj</file>
         <name>saph.obj</name>
      </input_file>
      <input_file id="fl-27">
         <path>./driverlib/MSP430FR5xx_6xx/</path>
         <kind>object</kind>
         <file>sdhs.obj</file>
         <name>sdhs.obj</name>
      </input_file>
      <input_file id="fl-28">
         <path>./driverlib/MSP430FR5xx_6xx/</path>
         <kind>object</kind>
         <file>sfr.obj</file>
         <name>sfr.obj</name>
      </input_file>
      <input_file id="fl-29">
         <path>./driverlib/MSP430FR5xx_6xx/</path>
         <kind>object</kind>
         <file>sysctl.obj</file>
         <name>sysctl.obj</name>
      </input_file>
      <input_file id="fl-2a">
         <path>./driverlib/MSP430FR5xx_6xx/</path>
         <kind>object</kind>
         <file>timer_a.obj</file>
         <name>timer_a.obj</name>
      </input_file>
      <input_file id="fl-2b">
         <path>./driverlib/MSP430FR5xx_6xx/</path>
         <kind>object</kind>
         <file>timer_b.obj</file>
         <name>timer_b.obj</name>
      </input_file>
      <input_file id="fl-2c">
         <path>./driverlib/MSP430FR5xx_6xx/</path>
         <kind>object</kind>
         <file>tlv.obj</file>
         <name>tlv.obj</name>
      </input_file>
      <input_file id="fl-2d">
         <path>./driverlib/MSP430FR5xx_6xx/</path>
         <kind>object</kind>
         <file>uups.obj</file>
         <name>uups.obj</name>
      </input_file>
      <input_file id="fl-2e">
         <path>./driverlib/MSP430FR5xx_6xx/</path>
         <kind>object</kind>
         <file>wdt_a.obj</file>
         <name>wdt_a.obj</name>
      </input_file>
      <input_file id="fl-35">
         <kind>object</kind>
         <file>&lt;internal&gt;</file>
         <name>&lt;internal&gt;</name>
      </input_file>
      <input_file id="fl-55">
         <path>/home/andres/ti/ccs1120/ccs/tools/compiler/ti-cgt-msp430_21.6.0.LTS/lib/</path>
         <kind>archive</kind>
         <file>rts430x_lc_sd_eabi.lib</file>
         <name>copy_decompress_lzss.c.obj</name>
      </input_file>
      <input_file id="fl-56">
         <path>/home/andres/ti/ccs1120/ccs/tools/compiler/ti-cgt-msp430_21.6.0.LTS/lib/</path>
         <kind>archive</kind>
         <file>rts430x_lc_sd_eabi.lib</file>
         <name>copy_decompress_none.c.obj</name>
      </input_file>
      <input_file id="fl-57">
         <path>/home/andres/ti/ccs1120/ccs/tools/compiler/ti-cgt-msp430_21.6.0.LTS/lib/</path>
         <kind>archive</kind>
         <file>rts430x_lc_sd_eabi.lib</file>
         <name>int18.asm.obj</name>
      </input_file>
      <input_file id="fl-58">
         <path>/home/andres/ti/ccs1120/ccs/tools/compiler/ti-cgt-msp430_21.6.0.LTS/lib/</path>
         <kind>archive</kind>
         <file>rts430x_lc_sd_eabi.lib</file>
         <name>isr_trap.asm.obj</name>
      </input_file>
      <input_file id="fl-59">
         <path>/home/andres/ti/ccs1120/ccs/tools/compiler/ti-cgt-msp430_21.6.0.LTS/lib/</path>
         <kind>archive</kind>
         <file>rts430x_lc_sd_eabi.lib</file>
         <name>int19.asm.obj</name>
      </input_file>
      <input_file id="fl-5a">
         <path>/home/andres/ti/ccs1120/ccs/tools/compiler/ti-cgt-msp430_21.6.0.LTS/lib/</path>
         <kind>archive</kind>
         <file>rts430x_lc_sd_eabi.lib</file>
         <name>int20.asm.obj</name>
      </input_file>
      <input_file id="fl-5b">
         <path>/home/andres/ti/ccs1120/ccs/tools/compiler/ti-cgt-msp430_21.6.0.LTS/lib/</path>
         <kind>archive</kind>
         <file>rts430x_lc_sd_eabi.lib</file>
         <name>int21.asm.obj</name>
      </input_file>
      <input_file id="fl-5c">
         <path>/home/andres/ti/ccs1120/ccs/tools/compiler/ti-cgt-msp430_21.6.0.LTS/lib/</path>
         <kind>archive</kind>
         <file>rts430x_lc_sd_eabi.lib</file>
         <name>int22.asm.obj</name>
      </input_file>
      <input_file id="fl-5d">
         <path>/home/andres/ti/ccs1120/ccs/tools/compiler/ti-cgt-msp430_21.6.0.LTS/lib/</path>
         <kind>archive</kind>
         <file>rts430x_lc_sd_eabi.lib</file>
         <name>int23.asm.obj</name>
      </input_file>
      <input_file id="fl-5e">
         <path>/home/andres/ti/ccs1120/ccs/tools/compiler/ti-cgt-msp430_21.6.0.LTS/lib/</path>
         <kind>archive</kind>
         <file>rts430x_lc_sd_eabi.lib</file>
         <name>int24.asm.obj</name>
      </input_file>
      <input_file id="fl-5f">
         <path>/home/andres/ti/ccs1120/ccs/tools/compiler/ti-cgt-msp430_21.6.0.LTS/lib/</path>
         <kind>archive</kind>
         <file>rts430x_lc_sd_eabi.lib</file>
         <name>int25.asm.obj</name>
      </input_file>
      <input_file id="fl-60">
         <path>/home/andres/ti/ccs1120/ccs/tools/compiler/ti-cgt-msp430_21.6.0.LTS/lib/</path>
         <kind>archive</kind>
         <file>rts430x_lc_sd_eabi.lib</file>
         <name>int27.asm.obj</name>
      </input_file>
      <input_file id="fl-61">
         <path>/home/andres/ti/ccs1120/ccs/tools/compiler/ti-cgt-msp430_21.6.0.LTS/lib/</path>
         <kind>archive</kind>
         <file>rts430x_lc_sd_eabi.lib</file>
         <name>int28.asm.obj</name>
      </input_file>
      <input_file id="fl-62">
         <path>/home/andres/ti/ccs1120/ccs/tools/compiler/ti-cgt-msp430_21.6.0.LTS/lib/</path>
         <kind>archive</kind>
         <file>rts430x_lc_sd_eabi.lib</file>
         <name>int29.asm.obj</name>
      </input_file>
      <input_file id="fl-63">
         <path>/home/andres/ti/ccs1120/ccs/tools/compiler/ti-cgt-msp430_21.6.0.LTS/lib/</path>
         <kind>archive</kind>
         <file>rts430x_lc_sd_eabi.lib</file>
         <name>int30.asm.obj</name>
      </input_file>
      <input_file id="fl-64">
         <path>/home/andres/ti/ccs1120/ccs/tools/compiler/ti-cgt-msp430_21.6.0.LTS/lib/</path>
         <kind>archive</kind>
         <file>rts430x_lc_sd_eabi.lib</file>
         <name>int31.asm.obj</name>
      </input_file>
      <input_file id="fl-65">
         <path>/home/andres/ti/ccs1120/ccs/tools/compiler/ti-cgt-msp430_21.6.0.LTS/lib/</path>
         <kind>archive</kind>
         <file>rts430x_lc_sd_eabi.lib</file>
         <name>int32.asm.obj</name>
      </input_file>
      <input_file id="fl-66">
         <path>/home/andres/ti/ccs1120/ccs/tools/compiler/ti-cgt-msp430_21.6.0.LTS/lib/</path>
         <kind>archive</kind>
         <file>rts430x_lc_sd_eabi.lib</file>
         <name>int33.asm.obj</name>
      </input_file>
      <input_file id="fl-67">
         <path>/home/andres/ti/ccs1120/ccs/tools/compiler/ti-cgt-msp430_21.6.0.LTS/lib/</path>
         <kind>archive</kind>
         <file>rts430x_lc_sd_eabi.lib</file>
         <name>int34.asm.obj</name>
      </input_file>
      <input_file id="fl-68">
         <path>/home/andres/ti/ccs1120/ccs/tools/compiler/ti-cgt-msp430_21.6.0.LTS/lib/</path>
         <kind>archive</kind>
         <file>rts430x_lc_sd_eabi.lib</file>
         <name>int35.asm.obj</name>
      </input_file>
      <input_file id="fl-69">
         <path>/home/andres/ti/ccs1120/ccs/tools/compiler/ti-cgt-msp430_21.6.0.LTS/lib/</path>
         <kind>archive</kind>
         <file>rts430x_lc_sd_eabi.lib</file>
         <name>int36.asm.obj</name>
      </input_file>
      <input_file id="fl-6a">
         <path>/home/andres/ti/ccs1120/ccs/tools/compiler/ti-cgt-msp430_21.6.0.LTS/lib/</path>
         <kind>archive</kind>
         <file>rts430x_lc_sd_eabi.lib</file>
         <name>int37.asm.obj</name>
      </input_file>
      <input_file id="fl-6b">
         <path>/home/andres/ti/ccs1120/ccs/tools/compiler/ti-cgt-msp430_21.6.0.LTS/lib/</path>
         <kind>archive</kind>
         <file>rts430x_lc_sd_eabi.lib</file>
         <name>int38.asm.obj</name>
      </input_file>
      <input_file id="fl-6c">
         <path>/home/andres/ti/ccs1120/ccs/tools/compiler/ti-cgt-msp430_21.6.0.LTS/lib/</path>
         <kind>archive</kind>
         <file>rts430x_lc_sd_eabi.lib</file>
         <name>int39.asm.obj</name>
      </input_file>
      <input_file id="fl-6d">
         <path>/home/andres/ti/ccs1120/ccs/tools/compiler/ti-cgt-msp430_21.6.0.LTS/lib/</path>
         <kind>archive</kind>
         <file>rts430x_lc_sd_eabi.lib</file>
         <name>int40.asm.obj</name>
      </input_file>
      <input_file id="fl-6e">
         <path>/home/andres/ti/ccs1120/ccs/tools/compiler/ti-cgt-msp430_21.6.0.LTS/lib/</path>
         <kind>archive</kind>
         <file>rts430x_lc_sd_eabi.lib</file>
         <name>int41.asm.obj</name>
      </input_file>
      <input_file id="fl-6f">
         <path>/home/andres/ti/ccs1120/ccs/tools/compiler/ti-cgt-msp430_21.6.0.LTS/lib/</path>
         <kind>archive</kind>
         <file>rts430x_lc_sd_eabi.lib</file>
         <name>int42.asm.obj</name>
      </input_file>
      <input_file id="fl-70">
         <path>/home/andres/ti/ccs1120/ccs/tools/compiler/ti-cgt-msp430_21.6.0.LTS/lib/</path>
         <kind>archive</kind>
         <file>rts430x_lc_sd_eabi.lib</file>
         <name>int43.asm.obj</name>
      </input_file>
      <input_file id="fl-71">
         <path>/home/andres/ti/ccs1120/ccs/tools/compiler/ti-cgt-msp430_21.6.0.LTS/lib/</path>
         <kind>archive</kind>
         <file>rts430x_lc_sd_eabi.lib</file>
         <name>int44.asm.obj</name>
      </input_file>
      <input_file id="fl-72">
         <path>/home/andres/ti/ccs1120/ccs/tools/compiler/ti-cgt-msp430_21.6.0.LTS/lib/</path>
         <kind>archive</kind>
         <file>rts430x_lc_sd_eabi.lib</file>
         <name>int46.asm.obj</name>
      </input_file>
      <input_file id="fl-73">
         <path>/home/andres/ti/ccs1120/ccs/tools/compiler/ti-cgt-msp430_21.6.0.LTS/lib/</path>
         <kind>archive</kind>
         <file>rts430x_lc_sd_eabi.lib</file>
         <name>int47.asm.obj</name>
      </input_file>
      <input_file id="fl-74">
         <path>/home/andres/ti/ccs1120/ccs/tools/compiler/ti-cgt-msp430_21.6.0.LTS/lib/</path>
         <kind>archive</kind>
         <file>rts430x_lc_sd_eabi.lib</file>
         <name>int49.asm.obj</name>
      </input_file>
      <input_file id="fl-75">
         <path>/home/andres/ti/ccs1120/ccs/tools/compiler/ti-cgt-msp430_21.6.0.LTS/lib/</path>
         <kind>archive</kind>
         <file>rts430x_lc_sd_eabi.lib</file>
         <name>int50.asm.obj</name>
      </input_file>
      <input_file id="fl-76">
         <path>/home/andres/ti/ccs1120/ccs/tools/compiler/ti-cgt-msp430_21.6.0.LTS/lib/</path>
         <kind>archive</kind>
         <file>rts430x_lc_sd_eabi.lib</file>
         <name>int51.asm.obj</name>
      </input_file>
      <input_file id="fl-77">
         <path>/home/andres/ti/ccs1120/ccs/tools/compiler/ti-cgt-msp430_21.6.0.LTS/lib/</path>
         <kind>archive</kind>
         <file>rts430x_lc_sd_eabi.lib</file>
         <name>int52.asm.obj</name>
      </input_file>
      <input_file id="fl-78">
         <path>/home/andres/ti/ccs1120/ccs/tools/compiler/ti-cgt-msp430_21.6.0.LTS/lib/</path>
         <kind>archive</kind>
         <file>rts430x_lc_sd_eabi.lib</file>
         <name>int53.asm.obj</name>
      </input_file>
      <input_file id="fl-79">
         <path>/home/andres/ti/ccs1120/ccs/tools/compiler/ti-cgt-msp430_21.6.0.LTS/lib/</path>
         <kind>archive</kind>
         <file>rts430x_lc_sd_eabi.lib</file>
         <name>int54.asm.obj</name>
      </input_file>
      <input_file id="fl-7a">
         <path>/home/andres/ti/ccs1120/ccs/tools/compiler/ti-cgt-msp430_21.6.0.LTS/lib/</path>
         <kind>archive</kind>
         <file>rts430x_lc_sd_eabi.lib</file>
         <name>copy_zero_init.c.obj</name>
      </input_file>
      <input_file id="fl-7b">
         <path>/home/andres/ti/ccs1120/ccs/tools/compiler/ti-cgt-msp430_21.6.0.LTS/lib/</path>
         <kind>archive</kind>
         <file>rts430x_lc_sd_eabi.lib</file>
         <name>cpy_util.asm.obj</name>
      </input_file>
      <input_file id="fl-7c">
         <path>/home/andres/ti/ccs1120/ccs/tools/compiler/ti-cgt-msp430_21.6.0.LTS/lib/</path>
         <kind>archive</kind>
         <file>rts430x_lc_sd_eabi.lib</file>
         <name>cvtdf.c.obj</name>
      </input_file>
      <input_file id="fl-7d">
         <path>/home/andres/ti/ccs1120/ccs/tools/compiler/ti-cgt-msp430_21.6.0.LTS/lib/</path>
         <kind>archive</kind>
         <file>rts430x_lc_sd_eabi.lib</file>
         <name>cvtfd.c.obj</name>
      </input_file>
      <input_file id="fl-7e">
         <path>/home/andres/ti/ccs1120/ccs/tools/compiler/ti-cgt-msp430_21.6.0.LTS/lib/</path>
         <kind>archive</kind>
         <file>rts430x_lc_sd_eabi.lib</file>
         <name>div16s.asm.obj</name>
      </input_file>
      <input_file id="fl-7f">
         <path>/home/andres/ti/ccs1120/ccs/tools/compiler/ti-cgt-msp430_21.6.0.LTS/lib/</path>
         <kind>archive</kind>
         <file>rts430x_lc_sd_eabi.lib</file>
         <name>div32s.asm.obj</name>
      </input_file>
      <input_file id="fl-80">
         <path>/home/andres/ti/ccs1120/ccs/tools/compiler/ti-cgt-msp430_21.6.0.LTS/lib/</path>
         <kind>archive</kind>
         <file>rts430x_lc_sd_eabi.lib</file>
         <name>div16u.asm.obj</name>
      </input_file>
      <input_file id="fl-81">
         <path>/home/andres/ti/ccs1120/ccs/tools/compiler/ti-cgt-msp430_21.6.0.LTS/lib/</path>
         <kind>archive</kind>
         <file>rts430x_lc_sd_eabi.lib</file>
         <name>div32u.asm.obj</name>
      </input_file>
      <input_file id="fl-82">
         <path>/home/andres/ti/ccs1120/ccs/tools/compiler/ti-cgt-msp430_21.6.0.LTS/lib/</path>
         <kind>archive</kind>
         <file>rts430x_lc_sd_eabi.lib</file>
         <name>fs_toi.asm.obj</name>
      </input_file>
      <input_file id="fl-83">
         <path>/home/andres/ti/ccs1120/ccs/tools/compiler/ti-cgt-msp430_21.6.0.LTS/lib/</path>
         <kind>archive</kind>
         <file>rts430x_lc_sd_eabi.lib</file>
         <name>fs_tou.asm.obj</name>
      </input_file>
      <input_file id="fl-84">
         <path>/home/andres/ti/ccs1120/ccs/tools/compiler/ti-cgt-msp430_21.6.0.LTS/lib/</path>
         <kind>archive</kind>
         <file>rts430x_lc_sd_eabi.lib</file>
         <name>fs_itof.asm.obj</name>
      </input_file>
      <input_file id="fl-85">
         <path>/home/andres/ti/ccs1120/ccs/tools/compiler/ti-cgt-msp430_21.6.0.LTS/lib/</path>
         <kind>archive</kind>
         <file>rts430x_lc_sd_eabi.lib</file>
         <name>mpyd.c.obj</name>
      </input_file>
      <input_file id="fl-86">
         <path>/home/andres/ti/ccs1120/ccs/tools/compiler/ti-cgt-msp430_21.6.0.LTS/lib/</path>
         <kind>archive</kind>
         <file>rts430x_lc_sd_eabi.lib</file>
         <name>frcmpyd.c.obj</name>
      </input_file>
      <input_file id="fl-87">
         <path>/home/andres/ti/ccs1120/ccs/tools/compiler/ti-cgt-msp430_21.6.0.LTS/lib/</path>
         <kind>archive</kind>
         <file>rts430x_lc_sd_eabi.lib</file>
         <name>mult16.asm.obj</name>
      </input_file>
      <input_file id="fl-88">
         <path>/home/andres/ti/ccs1120/ccs/tools/compiler/ti-cgt-msp430_21.6.0.LTS/lib/</path>
         <kind>archive</kind>
         <file>rts430x_lc_sd_eabi.lib</file>
         <name>mult16_f5hw.asm.obj</name>
      </input_file>
      <input_file id="fl-89">
         <path>/home/andres/ti/ccs1120/ccs/tools/compiler/ti-cgt-msp430_21.6.0.LTS/lib/</path>
         <kind>archive</kind>
         <file>rts430x_lc_sd_eabi.lib</file>
         <name>mult32.asm.obj</name>
      </input_file>
      <input_file id="fl-8a">
         <path>/home/andres/ti/ccs1120/ccs/tools/compiler/ti-cgt-msp430_21.6.0.LTS/lib/</path>
         <kind>archive</kind>
         <file>rts430x_lc_sd_eabi.lib</file>
         <name>mult32_f5hw.asm.obj</name>
      </input_file>
      <input_file id="fl-8b">
         <path>/home/andres/ti/ccs1120/ccs/tools/compiler/ti-cgt-msp430_21.6.0.LTS/lib/</path>
         <kind>archive</kind>
         <file>rts430x_lc_sd_eabi.lib</file>
         <name>mult64.asm.obj</name>
      </input_file>
      <input_file id="fl-8c">
         <path>/home/andres/ti/ccs1120/ccs/tools/compiler/ti-cgt-msp430_21.6.0.LTS/lib/</path>
         <kind>archive</kind>
         <file>rts430x_lc_sd_eabi.lib</file>
         <name>mult64_f5hw.asm.obj</name>
      </input_file>
      <input_file id="fl-8d">
         <path>/home/andres/ti/ccs1120/ccs/tools/compiler/ti-cgt-msp430_21.6.0.LTS/lib/</path>
         <kind>archive</kind>
         <file>rts430x_lc_sd_eabi.lib</file>
         <name>mult1632_f5hw.asm.obj</name>
      </input_file>
      <input_file id="fl-8e">
         <path>/home/andres/ti/ccs1120/ccs/tools/compiler/ti-cgt-msp430_21.6.0.LTS/lib/</path>
         <kind>archive</kind>
         <file>rts430x_lc_sd_eabi.lib</file>
         <name>mult3264_f5hw.asm.obj</name>
      </input_file>
      <input_file id="fl-8f">
         <path>/home/andres/ti/ccs1120/ccs/tools/compiler/ti-cgt-msp430_21.6.0.LTS/lib/</path>
         <kind>archive</kind>
         <file>rts430x_lc_sd_eabi.lib</file>
         <name>mult1632.asm.obj</name>
      </input_file>
      <input_file id="fl-90">
         <path>/home/andres/ti/ccs1120/ccs/tools/compiler/ti-cgt-msp430_21.6.0.LTS/lib/</path>
         <kind>archive</kind>
         <file>rts430x_lc_sd_eabi.lib</file>
         <name>mult3264.asm.obj</name>
      </input_file>
      <input_file id="fl-91">
         <path>/home/andres/ti/ccs1120/ccs/tools/compiler/ti-cgt-msp430_21.6.0.LTS/lib/</path>
         <kind>archive</kind>
         <file>rts430x_lc_sd_eabi.lib</file>
         <name>lsl16.asm.obj</name>
      </input_file>
      <input_file id="fl-92">
         <path>/home/andres/ti/ccs1120/ccs/tools/compiler/ti-cgt-msp430_21.6.0.LTS/lib/</path>
         <kind>archive</kind>
         <file>rts430x_lc_sd_eabi.lib</file>
         <name>lsl32.asm.obj</name>
      </input_file>
      <input_file id="fl-93">
         <path>/home/andres/ti/ccs1120/ccs/tools/compiler/ti-cgt-msp430_21.6.0.LTS/lib/</path>
         <kind>archive</kind>
         <file>rts430x_lc_sd_eabi.lib</file>
         <name>lsl64.c.obj</name>
      </input_file>
      <input_file id="fl-94">
         <path>/home/andres/ti/ccs1120/ccs/tools/compiler/ti-cgt-msp430_21.6.0.LTS/lib/</path>
         <kind>archive</kind>
         <file>rts430x_lc_sd_eabi.lib</file>
         <name>asr16.asm.obj</name>
      </input_file>
      <input_file id="fl-95">
         <path>/home/andres/ti/ccs1120/ccs/tools/compiler/ti-cgt-msp430_21.6.0.LTS/lib/</path>
         <kind>archive</kind>
         <file>rts430x_lc_sd_eabi.lib</file>
         <name>asr32.asm.obj</name>
      </input_file>
      <input_file id="fl-96">
         <path>/home/andres/ti/ccs1120/ccs/tools/compiler/ti-cgt-msp430_21.6.0.LTS/lib/</path>
         <kind>archive</kind>
         <file>rts430x_lc_sd_eabi.lib</file>
         <name>lsr64.c.obj</name>
      </input_file>
      <input_file id="fl-97">
         <path>/home/andres/ti/ccs1120/ccs/tools/compiler/ti-cgt-msp430_21.6.0.LTS/lib/</path>
         <kind>archive</kind>
         <file>rts430x_lc_sd_eabi.lib</file>
         <name>boot.c.obj</name>
      </input_file>
      <input_file id="fl-98">
         <path>/home/andres/ti/ccs1120/ccs/ccs_base/msp430/lib/FR59xx/</path>
         <kind>archive</kind>
         <file>MSPMPU_INIT_LIB_CCS_msp430_large_code_small_data.lib</file>
         <name>mpu_init.o</name>
      </input_file>
      <input_file id="fl-99">
         <path>/home/andres/ti/ccs1120/ccs/tools/compiler/ti-cgt-msp430_21.6.0.LTS/lib/</path>
         <kind>archive</kind>
         <file>rts430x_lc_sd_eabi.lib</file>
         <name>args_main.c.obj</name>
      </input_file>
      <input_file id="fl-9a">
         <path>/home/andres/ti/ccs1120/ccs/tools/compiler/ti-cgt-msp430_21.6.0.LTS/lib/</path>
         <kind>archive</kind>
         <file>rts430x_lc_sd_eabi.lib</file>
         <name>autoinit.c.obj</name>
      </input_file>
      <input_file id="fl-9b">
         <path>/home/andres/ti/ccs1120/ccs/tools/compiler/ti-cgt-msp430_21.6.0.LTS/lib/</path>
         <kind>archive</kind>
         <file>rts430x_lc_sd_eabi.lib</file>
         <name>defs.c.obj</name>
      </input_file>
      <input_file id="fl-9c">
         <path>/home/andres/ti/ccs1120/ccs/tools/compiler/ti-cgt-msp430_21.6.0.LTS/lib/</path>
         <kind>archive</kind>
         <file>rts430x_lc_sd_eabi.lib</file>
         <name>startup.c.obj</name>
      </input_file>
      <input_file id="fl-9d">
         <path>/home/andres/ti/ccs1120/ccs/tools/compiler/ti-cgt-msp430_21.6.0.LTS/lib/</path>
         <kind>archive</kind>
         <file>rts430x_lc_sd_eabi.lib</file>
         <name>cpy_tbl.c.obj</name>
      </input_file>
      <input_file id="fl-9e">
         <path>/home/andres/ti/ccs1120/ccs/tools/compiler/ti-cgt-msp430_21.6.0.LTS/lib/</path>
         <kind>archive</kind>
         <file>rts430x_lc_sd_eabi.lib</file>
         <name>exit.c.obj</name>
      </input_file>
      <input_file id="fl-9f">
         <path>/home/andres/ti/ccs1120/ccs/tools/compiler/ti-cgt-msp430_21.6.0.LTS/lib/</path>
         <kind>archive</kind>
         <file>rts430x_lc_sd_eabi.lib</file>
         <name>exit_gvars.c.obj</name>
      </input_file>
      <input_file id="fl-a0">
         <path>/home/andres/ti/ccs1120/ccs/tools/compiler/ti-cgt-msp430_21.6.0.LTS/lib/</path>
         <kind>archive</kind>
         <file>rts430x_lc_sd_eabi.lib</file>
         <name>_lock.c.obj</name>
      </input_file>
      <input_file id="fl-a1">
         <path>/home/andres/ti/ccs1120/ccs/tools/compiler/ti-cgt-msp430_21.6.0.LTS/lib/</path>
         <kind>archive</kind>
         <file>rts430x_lc_sd_eabi.lib</file>
         <name>fflush.c.obj</name>
      </input_file>
      <input_file id="fl-a2">
         <path>/home/andres/ti/ccs1120/ccs/tools/compiler/ti-cgt-msp430_21.6.0.LTS/lib/</path>
         <kind>archive</kind>
         <file>rts430x_lc_sd_eabi.lib</file>
         <name>memcpy.c.obj</name>
      </input_file>
      <input_file id="fl-a3">
         <path>/home/andres/ti/ccs1120/ccs/tools/compiler/ti-cgt-msp430_21.6.0.LTS/lib/</path>
         <kind>archive</kind>
         <file>rts430x_lc_sd_eabi.lib</file>
         <name>memset.c.obj</name>
      </input_file>
      <input_file id="fl-a4">
         <path>/home/andres/ti/ccs1120/ccs/tools/compiler/ti-cgt-msp430_21.6.0.LTS/lib/</path>
         <kind>archive</kind>
         <file>rts430x_lc_sd_eabi.lib</file>
         <name>sprintf.c.obj</name>
      </input_file>
      <input_file id="fl-a5">
         <path>/home/andres/ti/ccs1120/ccs/tools/compiler/ti-cgt-msp430_21.6.0.LTS/lib/</path>
         <kind>archive</kind>
         <file>rts430x_lc_sd_eabi.lib</file>
         <name>_printfi.c.obj</name>
      </input_file>
      <input_file id="fl-a6">
         <path>/home/andres/ti/ccs1120/ccs/tools/compiler/ti-cgt-msp430_21.6.0.LTS/lib/</path>
         <kind>archive</kind>
         <file>rts430x_lc_sd_eabi.lib</file>
         <name>_ltoa.c.obj</name>
      </input_file>
      <input_file id="fl-a7">
         <path>/home/andres/ti/ccs1120/ccs/tools/compiler/ti-cgt-msp430_21.6.0.LTS/lib/</path>
         <kind>archive</kind>
         <file>rts430x_lc_sd_eabi.lib</file>
         <name>cmpd.c.obj</name>
      </input_file>
      <input_file id="fl-a8">
         <path>/home/andres/ti/ccs1120/ccs/tools/compiler/ti-cgt-msp430_21.6.0.LTS/lib/</path>
         <kind>archive</kind>
         <file>rts430x_lc_sd_eabi.lib</file>
         <name>divd.c.obj</name>
      </input_file>
      <input_file id="fl-a9">
         <path>/home/andres/ti/ccs1120/ccs/tools/compiler/ti-cgt-msp430_21.6.0.LTS/lib/</path>
         <kind>archive</kind>
         <file>rts430x_lc_sd_eabi.lib</file>
         <name>frcdivd.c.obj</name>
      </input_file>
      <input_file id="fl-aa">
         <path>/home/andres/ti/ccs1120/ccs/tools/compiler/ti-cgt-msp430_21.6.0.LTS/lib/</path>
         <kind>archive</kind>
         <file>rts430x_lc_sd_eabi.lib</file>
         <name>div64u.c.obj</name>
      </input_file>
      <input_file id="fl-ab">
         <path>/home/andres/ti/ccs1120/ccs/tools/compiler/ti-cgt-msp430_21.6.0.LTS/lib/</path>
         <kind>archive</kind>
         <file>rts430x_lc_sd_eabi.lib</file>
         <name>fixdi.c.obj</name>
      </input_file>
      <input_file id="fl-ac">
         <path>/home/andres/ti/ccs1120/ccs/tools/compiler/ti-cgt-msp430_21.6.0.LTS/lib/</path>
         <kind>archive</kind>
         <file>rts430x_lc_sd_eabi.lib</file>
         <name>fixdli.c.obj</name>
      </input_file>
      <input_file id="fl-ad">
         <path>/home/andres/ti/ccs1120/ccs/tools/compiler/ti-cgt-msp430_21.6.0.LTS/lib/</path>
         <kind>archive</kind>
         <file>rts430x_lc_sd_eabi.lib</file>
         <name>fltid.c.obj</name>
      </input_file>
      <input_file id="fl-ae">
         <path>/home/andres/ti/ccs1120/ccs/tools/compiler/ti-cgt-msp430_21.6.0.LTS/lib/</path>
         <kind>archive</kind>
         <file>rts430x_lc_sd_eabi.lib</file>
         <name>fltlid.c.obj</name>
      </input_file>
      <input_file id="fl-af">
         <path>/home/andres/ti/ccs1120/ccs/tools/compiler/ti-cgt-msp430_21.6.0.LTS/lib/</path>
         <kind>archive</kind>
         <file>rts430x_lc_sd_eabi.lib</file>
         <name>negd.c.obj</name>
      </input_file>
      <input_file id="fl-b0">
         <path>/home/andres/ti/ccs1120/ccs/tools/compiler/ti-cgt-msp430_21.6.0.LTS/lib/</path>
         <kind>archive</kind>
         <file>rts430x_lc_sd_eabi.lib</file>
         <name>lsr32.asm.obj</name>
      </input_file>
      <input_file id="fl-b1">
         <path>/home/andres/ti/ccs1120/ccs/tools/compiler/ti-cgt-msp430_21.6.0.LTS/lib/</path>
         <kind>archive</kind>
         <file>rts430x_lc_sd_eabi.lib</file>
         <name>subd.c.obj</name>
      </input_file>
      <input_file id="fl-b2">
         <path>/home/andres/ti/ccs1120/ccs/tools/compiler/ti-cgt-msp430_21.6.0.LTS/lib/</path>
         <kind>archive</kind>
         <file>rts430x_lc_sd_eabi.lib</file>
         <name>addd.c.obj</name>
      </input_file>
      <input_file id="fl-b3">
         <path>/home/andres/ti/ccs1120/ccs/tools/compiler/ti-cgt-msp430_21.6.0.LTS/lib/</path>
         <kind>archive</kind>
         <file>rts430x_lc_sd_eabi.lib</file>
         <name>asr64.c.obj</name>
      </input_file>
      <input_file id="fl-b4">
         <path>/home/andres/ti/ccs1120/ccs/tools/compiler/ti-cgt-msp430_21.6.0.LTS/lib/</path>
         <kind>archive</kind>
         <file>rts430x_lc_sd_eabi.lib</file>
         <name>abs.c.obj</name>
      </input_file>
      <input_file id="fl-b5">
         <path>/home/andres/ti/ccs1120/ccs/tools/compiler/ti-cgt-msp430_21.6.0.LTS/lib/</path>
         <kind>archive</kind>
         <file>rts430x_lc_sd_eabi.lib</file>
         <name>atoi.c.obj</name>
      </input_file>
      <input_file id="fl-b6">
         <path>/home/andres/ti/ccs1120/ccs/tools/compiler/ti-cgt-msp430_21.6.0.LTS/lib/</path>
         <kind>archive</kind>
         <file>rts430x_lc_sd_eabi.lib</file>
         <name>ctype.c.obj</name>
      </input_file>
      <input_file id="fl-b7">
         <path>/home/andres/ti/ccs1120/ccs/tools/compiler/ti-cgt-msp430_21.6.0.LTS/lib/</path>
         <kind>archive</kind>
         <file>rts430x_lc_sd_eabi.lib</file>
         <name>errno.c.obj</name>
      </input_file>
      <input_file id="fl-b8">
         <path>/home/andres/ti/ccs1120/ccs/tools/compiler/ti-cgt-msp430_21.6.0.LTS/lib/</path>
         <kind>archive</kind>
         <file>rts430x_lc_sd_eabi.lib</file>
         <name>s_frexp.c.obj</name>
      </input_file>
      <input_file id="fl-b9">
         <path>/home/andres/ti/ccs1120/ccs/tools/compiler/ti-cgt-msp430_21.6.0.LTS/lib/</path>
         <kind>archive</kind>
         <file>rts430x_lc_sd_eabi.lib</file>
         <name>s_scalbn.c.obj</name>
      </input_file>
      <input_file id="fl-ba">
         <path>/home/andres/ti/ccs1120/ccs/tools/compiler/ti-cgt-msp430_21.6.0.LTS/lib/</path>
         <kind>archive</kind>
         <file>rts430x_lc_sd_eabi.lib</file>
         <name>s_copysign.c.obj</name>
      </input_file>
      <input_file id="fl-bb">
         <path>/home/andres/ti/ccs1120/ccs/tools/compiler/ti-cgt-msp430_21.6.0.LTS/lib/</path>
         <kind>archive</kind>
         <file>rts430x_lc_sd_eabi.lib</file>
         <name>memccpy.c.obj</name>
      </input_file>
      <input_file id="fl-bc">
         <path>/home/andres/ti/ccs1120/ccs/tools/compiler/ti-cgt-msp430_21.6.0.LTS/lib/</path>
         <kind>archive</kind>
         <file>rts430x_lc_sd_eabi.lib</file>
         <name>strchr.c.obj</name>
      </input_file>
      <input_file id="fl-bd">
         <path>/home/andres/ti/ccs1120/ccs/tools/compiler/ti-cgt-msp430_21.6.0.LTS/lib/</path>
         <kind>archive</kind>
         <file>rts430x_lc_sd_eabi.lib</file>
         <name>strcpy.c.obj</name>
      </input_file>
      <input_file id="fl-be">
         <path>/home/andres/ti/ccs1120/ccs/tools/compiler/ti-cgt-msp430_21.6.0.LTS/lib/</path>
         <kind>archive</kind>
         <file>rts430x_lc_sd_eabi.lib</file>
         <name>strlen.c.obj</name>
      </input_file>
      <input_file id="fl-bf">
         <path>/home/andres/ti/ccs1120/ccs/tools/compiler/ti-cgt-msp430_21.6.0.LTS/lib/</path>
         <kind>archive</kind>
         <file>rts430x_lc_sd_eabi.lib</file>
         <name>tolower.c.obj</name>
      </input_file>
      <input_file id="fl-c0">
         <path>/home/andres/ti/ccs1120/ccs/tools/compiler/ti-cgt-msp430_21.6.0.LTS/lib/</path>
         <kind>archive</kind>
         <file>rts430x_lc_sd_eabi.lib</file>
         <name>toupper.c.obj</name>
      </input_file>
      <input_file id="fl-c1">
         <path>/home/andres/ti/ccs1120/ccs/tools/compiler/ti-cgt-msp430_21.6.0.LTS/lib/</path>
         <kind>archive</kind>
         <file>rts430x_lc_sd_eabi.lib</file>
         <name>wcslen.c.obj</name>
      </input_file>
      <input_file id="fl-c2">
         <path>/home/andres/ti/ccs1120/ccs/tools/compiler/ti-cgt-msp430_21.6.0.LTS/lib/</path>
         <kind>archive</kind>
         <file>rts430x_lc_sd_eabi.lib</file>
         <name>write.c.obj</name>
      </input_file>
      <input_file id="fl-c3">
         <path>/home/andres/ti/ccs1120/ccs/tools/compiler/ti-cgt-msp430_21.6.0.LTS/lib/</path>
         <kind>archive</kind>
         <file>rts430x_lc_sd_eabi.lib</file>
         <name>host_device.c.obj</name>
      </input_file>
      <input_file id="fl-c4">
         <path>/home/andres/ti/ccs1120/ccs/tools/compiler/ti-cgt-msp430_21.6.0.LTS/lib/</path>
         <kind>archive</kind>
         <file>rts430x_lc_sd_eabi.lib</file>
         <name>hostclose.c.obj</name>
      </input_file>
      <input_file id="fl-c5">
         <path>/home/andres/ti/ccs1120/ccs/tools/compiler/ti-cgt-msp430_21.6.0.LTS/lib/</path>
         <kind>archive</kind>
         <file>rts430x_lc_sd_eabi.lib</file>
         <name>hostlseek.c.obj</name>
      </input_file>
      <input_file id="fl-c6">
         <path>/home/andres/ti/ccs1120/ccs/tools/compiler/ti-cgt-msp430_21.6.0.LTS/lib/</path>
         <kind>archive</kind>
         <file>rts430x_lc_sd_eabi.lib</file>
         <name>hostopen.c.obj</name>
      </input_file>
      <input_file id="fl-c7">
         <path>/home/andres/ti/ccs1120/ccs/tools/compiler/ti-cgt-msp430_21.6.0.LTS/lib/</path>
         <kind>archive</kind>
         <file>rts430x_lc_sd_eabi.lib</file>
         <name>hostread.c.obj</name>
      </input_file>
      <input_file id="fl-c8">
         <path>/home/andres/ti/ccs1120/ccs/tools/compiler/ti-cgt-msp430_21.6.0.LTS/lib/</path>
         <kind>archive</kind>
         <file>rts430x_lc_sd_eabi.lib</file>
         <name>hostrename.c.obj</name>
      </input_file>
      <input_file id="fl-c9">
         <path>/home/andres/ti/ccs1120/ccs/tools/compiler/ti-cgt-msp430_21.6.0.LTS/lib/</path>
         <kind>archive</kind>
         <file>rts430x_lc_sd_eabi.lib</file>
         <name>hostunlink.c.obj</name>
      </input_file>
      <input_file id="fl-ca">
         <path>/home/andres/ti/ccs1120/ccs/tools/compiler/ti-cgt-msp430_21.6.0.LTS/lib/</path>
         <kind>archive</kind>
         <file>rts430x_lc_sd_eabi.lib</file>
         <name>hostwrite.c.obj</name>
      </input_file>
      <input_file id="fl-cb">
         <path>/home/andres/ti/ccs1120/ccs/tools/compiler/ti-cgt-msp430_21.6.0.LTS/lib/</path>
         <kind>archive</kind>
         <file>rts430x_lc_sd_eabi.lib</file>
         <name>trgmsg.c.obj</name>
      </input_file>
   </input_file_list>
   <object_component_list>
      <object_component id="oc-b33">
         <name>.TI.persistent:ucHeap</name>
         <load_address>0x4000</load_address>
         <run_address>0x4000</run_address>
         <size>0x3800</size>
         <input_file_ref idref="fl-2"/>
      </object_component>
      <object_component id="oc-e4d">
         <name>.cio</name>
         <load_address>0x7800</load_address>
         <run_address>0x7800</run_address>
         <size>0x120</size>
         <input_file_ref idref="fl-cb"/>
      </object_component>
      <object_component id="oc-f79">
         <name>.cinit..data.load</name>
         <load_address>0x7e64</load_address>
         <run_address>0x7e64</run_address>
         <size>0x53</size>
      </object_component>
      <object_component id="oc-f76">
         <name>__TI_handler_table</name>
         <load_address>0x7eb8</load_address>
         <run_address>0x7eb8</run_address>
         <size>0xc</size>
      </object_component>
      <object_component id="oc-f78">
         <name>.cinit..bss.load</name>
         <load_address>0x7ec4</load_address>
         <run_address>0x7ec4</run_address>
         <size>0x6</size>
      </object_component>
      <object_component id="oc-f77">
         <name>__TI_cinit_table</name>
         <load_address>0x7eca</load_address>
         <run_address>0x7eca</run_address>
         <size>0x10</size>
      </object_component>
      <object_component id="oc-f03">
         <name>.binit</name>
         <load_address>0x4000</load_address>
         <run_address>0x4000</run_address>
         <size>0x0</size>
      </object_component>
      <object_component id="oc-6f2">
         <name>.text:_isr:USCI_A0_ISR</name>
         <load_address>0x7da0</load_address>
         <run_address>0x7da0</run_address>
         <size>0x58</size>
         <input_file_ref idref="fl-3"/>
      </object_component>
      <object_component id="oc-6e6">
         <name>.text:_isr:Port_6</name>
         <load_address>0x7df8</load_address>
         <run_address>0x7df8</run_address>
         <size>0x34</size>
         <input_file_ref idref="fl-2"/>
      </object_component>
      <object_component id="oc-722">
         <name>.text:_isr:_c_int00_noargs_mpu</name>
         <load_address>0x7e2c</load_address>
         <run_address>0x7e2c</run_address>
         <size>0x20</size>
         <input_file_ref idref="fl-97"/>
      </object_component>
      <object_component id="oc-6ec">
         <name>.text:_isr:vTickISREntry</name>
         <load_address>0x7e4c</load_address>
         <run_address>0x7e4c</run_address>
         <size>0x10</size>
         <input_file_ref idref="fl-b"/>
      </object_component>
      <object_component id="oc-6e1">
         <name>.text:_isr:__TI_ISR_TRAP</name>
         <load_address>0x7e5c</load_address>
         <run_address>0x7e5c</run_address>
         <size>0x8</size>
         <input_file_ref idref="fl-58"/>
      </object_component>
      <object_component id="oc-abb">
         <name>.const:.string:_ctypes_</name>
         <load_address>0x7c00</load_address>
         <run_address>0x7c00</run_address>
         <size>0x101</size>
         <input_file_ref idref="fl-b6"/>
      </object_component>
      <object_component id="oc-829">
         <name>.const:.string</name>
         <load_address>0x7d02</load_address>
         <run_address>0x7d02</run_address>
         <size>0x2c</size>
         <input_file_ref idref="fl-2"/>
      </object_component>
      <object_component id="oc-cfa">
         <name>.const:.string</name>
         <load_address>0x7d2e</load_address>
         <run_address>0x7d2e</run_address>
         <size>0x26</size>
         <input_file_ref idref="fl-a5"/>
      </object_component>
      <object_component id="oc-a11">
         <name>.const:GPIO_PORT_TO_BASE</name>
         <load_address>0x7d54</load_address>
         <run_address>0x7d54</run_address>
         <size>0x1c</size>
         <input_file_ref idref="fl-1b"/>
      </object_component>
      <object_component id="oc-9b2">
         <name>.const:.string</name>
         <load_address>0x7d70</load_address>
         <run_address>0x7d70</run_address>
         <size>0x16</size>
         <input_file_ref idref="fl-9"/>
      </object_component>
      <object_component id="oc-91b">
         <name>.const:.string:tabla7s</name>
         <load_address>0x7d86</load_address>
         <run_address>0x7d86</run_address>
         <size>0x11</size>
         <input_file_ref idref="fl-2"/>
      </object_component>
      <object_component id="oc-af5">
         <name>.const:.string</name>
         <load_address>0x7d98</load_address>
         <run_address>0x7d98</run_address>
         <size>0x8</size>
         <input_file_ref idref="fl-a"/>
      </object_component>
      <object_component id="oc-ecd">
         <name>.text:__mspabi_addd</name>
         <load_address>0x10000</load_address>
         <run_address>0x10000</run_address>
         <size>0x72a</size>
         <input_file_ref idref="fl-b2"/>
      </object_component>
      <object_component id="oc-e98">
         <name>.text:__TI_frcdivd</name>
         <load_address>0x1072a</load_address>
         <run_address>0x1072a</run_address>
         <size>0x466</size>
         <input_file_ref idref="fl-a9"/>
      </object_component>
      <object_component id="oc-e03">
         <name>.text:__mspabi_divull</name>
         <load_address>0x10b90</load_address>
         <run_address>0x10b90</run_address>
         <size>0x34e</size>
         <input_file_ref idref="fl-aa"/>
      </object_component>
      <object_component id="oc-aa8">
         <name>.text:__mspabi_mpyd</name>
         <load_address>0x10ede</load_address>
         <run_address>0x10ede</run_address>
         <size>0x298</size>
         <input_file_ref idref="fl-85"/>
      </object_component>
      <object_component id="oc-bd4">
         <name>.text:__TI_printfi:__TI_printfi</name>
         <load_address>0x11176</load_address>
         <run_address>0x11176</run_address>
         <size>0x27e</size>
         <input_file_ref idref="fl-a5"/>
      </object_component>
      <object_component id="oc-d34">
         <name>.text:_pproc_fgea</name>
         <load_address>0x113f4</load_address>
         <run_address>0x113f4</run_address>
         <size>0x262</size>
         <input_file_ref idref="fl-a5"/>
      </object_component>
      <object_component id="oc-c9d">
         <name>.text:__TI_printfi:_setfield___TI_printfi</name>
         <load_address>0x11656</load_address>
         <run_address>0x11656</run_address>
         <size>0x246</size>
         <input_file_ref idref="fl-a5"/>
      </object_component>
      <object_component id="oc-e43">
         <name>.text:acvt</name>
         <load_address>0x1189c</load_address>
         <run_address>0x1189c</run_address>
         <size>0x238</size>
         <input_file_ref idref="fl-a5"/>
      </object_component>
      <object_component id="oc-e36">
         <name>.text:__mspabi_divd</name>
         <load_address>0x11ad4</load_address>
         <run_address>0x11ad4</run_address>
         <size>0x220</size>
         <input_file_ref idref="fl-a8"/>
      </object_component>
      <object_component id="oc-d9d">
         <name>.text:__TI_printfi:_getarg_diouxp___TI_printfi</name>
         <load_address>0x11cf4</load_address>
         <run_address>0x11cf4</run_address>
         <size>0x1e8</size>
         <input_file_ref idref="fl-a5"/>
      </object_component>
      <object_component id="oc-e16">
         <name>.text:ecvt</name>
         <load_address>0x11edc</load_address>
         <run_address>0x11edc</run_address>
         <size>0x1d2</size>
         <input_file_ref idref="fl-a5"/>
      </object_component>
      <object_component id="oc-830">
         <name>.text:vTareaServidor</name>
         <load_address>0x120ae</load_address>
         <run_address>0x120ae</run_address>
         <size>0x1c0</size>
         <input_file_ref idref="fl-2"/>
      </object_component>
      <object_component id="oc-e29">
         <name>.text:fcvt</name>
         <load_address>0x1226e</load_address>
         <run_address>0x1226e</run_address>
         <size>0x1b8</size>
         <input_file_ref idref="fl-a5"/>
      </object_component>
      <object_component id="oc-dc2">
         <name>.text:_pconv_e</name>
         <load_address>0x12426</load_address>
         <run_address>0x12426</run_address>
         <size>0x19a</size>
         <input_file_ref idref="fl-a5"/>
      </object_component>
      <object_component id="oc-b5b">
         <name>.text:xQueueGenericSend</name>
         <load_address>0x125c0</load_address>
         <run_address>0x125c0</run_address>
         <size>0x196</size>
         <input_file_ref idref="fl-7"/>
      </object_component>
      <object_component id="oc-a82">
         <name>.text:xQueueReceive</name>
         <load_address>0x12756</load_address>
         <run_address>0x12756</run_address>
         <size>0x180</size>
         <input_file_ref idref="fl-7"/>
      </object_component>
      <object_component id="oc-dc8">
         <name>.text:_pconv_a</name>
         <load_address>0x128d6</load_address>
         <run_address>0x128d6</run_address>
         <size>0x168</size>
         <input_file_ref idref="fl-a5"/>
      </object_component>
      <object_component id="oc-bab">
         <name>.text:__TI_frcmpyd</name>
         <load_address>0x12a3e</load_address>
         <run_address>0x12a3e</run_address>
         <size>0x164</size>
         <input_file_ref idref="fl-86"/>
      </object_component>
      <object_component id="oc-ea7">
         <name>.text:scalbn</name>
         <load_address>0x12ba2</load_address>
         <run_address>0x12ba2</run_address>
         <size>0x158</size>
         <input_file_ref idref="fl-b9"/>
      </object_component>
      <object_component id="oc-8f9">
         <name>.text:CS_setDCOFreq</name>
         <load_address>0x12cfa</load_address>
         <run_address>0x12cfa</run_address>
         <size>0x140</size>
         <input_file_ref idref="fl-12"/>
      </object_component>
      <object_component id="oc-d2e">
         <name>.text:__TI_printfi:_pproc_diouxp___TI_printfi</name>
         <load_address>0x12e3a</load_address>
         <run_address>0x12e3a</run_address>
         <size>0x140</size>
         <input_file_ref idref="fl-a5"/>
      </object_component>
      <object_component id="oc-c04">
         <name>.text:prvProcessReceivedCommands</name>
         <load_address>0x12f7a</load_address>
         <run_address>0x12f7a</run_address>
         <size>0x13a</size>
         <input_file_ref idref="fl-a"/>
      </object_component>
      <object_component id="oc-da3">
         <name>.text:__TI_printfi:_ltostr___TI_printfi</name>
         <load_address>0x130b4</load_address>
         <run_address>0x130b4</run_address>
         <size>0x122</size>
         <input_file_ref idref="fl-a5"/>
      </object_component>
      <object_component id="oc-7e5">
         <name>.text:xTaskIncrementTick</name>
         <load_address>0x131d6</load_address>
         <run_address>0x131d6</run_address>
         <size>0x120</size>
         <input_file_ref idref="fl-9"/>
      </object_component>
      <object_component id="oc-db6">
         <name>.text:_pconv_g</name>
         <load_address>0x132f6</load_address>
         <run_address>0x132f6</run_address>
         <size>0xf4</size>
         <input_file_ref idref="fl-a5"/>
      </object_component>
      <object_component id="oc-84">
         <name>.text:decompress:lzss:__TI_decompress_lzss</name>
         <load_address>0x133ea</load_address>
         <run_address>0x133ea</run_address>
         <size>0xee</size>
         <input_file_ref idref="fl-55"/>
      </object_component>
      <object_component id="oc-810">
         <name>.text:prvSetupHardware</name>
         <load_address>0x134d8</load_address>
         <run_address>0x134d8</run_address>
         <size>0xe8</size>
         <input_file_ref idref="fl-2"/>
      </object_component>
      <object_component id="oc-c97">
         <name>.text:__TI_printfi:_pproc_fwp___TI_printfi</name>
         <load_address>0x135c0</load_address>
         <run_address>0x135c0</run_address>
         <size>0xdc</size>
         <input_file_ref idref="fl-a5"/>
      </object_component>
      <object_component id="oc-dce">
         <name>.text:__mspabi_cmpd</name>
         <load_address>0x1369c</load_address>
         <run_address>0x1369c</run_address>
         <size>0xd8</size>
         <input_file_ref idref="fl-a7"/>
      </object_component>
      <object_component id="oc-93f">
         <name>.text:prvInitialiseNewTask</name>
         <load_address>0x13774</load_address>
         <run_address>0x13774</run_address>
         <size>0xd8</size>
         <input_file_ref idref="fl-9"/>
      </object_component>
      <object_component id="oc-91f">
         <name>.text:pvPortMalloc</name>
         <load_address>0x1384c</load_address>
         <run_address>0x1384c</run_address>
         <size>0xd4</size>
         <input_file_ref idref="fl-4"/>
      </object_component>
      <object_component id="oc-a3c">
         <name>.text:xTaskResumeAll</name>
         <load_address>0x13920</load_address>
         <run_address>0x13920</run_address>
         <size>0xd2</size>
         <input_file_ref idref="fl-9"/>
      </object_component>
      <object_component id="oc-7eb">
         <name>.text:vTaskSwitchContext</name>
         <load_address>0x139f2</load_address>
         <run_address>0x139f2</run_address>
         <size>0xc8</size>
         <input_file_ref idref="fl-9"/>
      </object_component>
      <object_component id="oc-ca9">
         <name>.text:__TI_printfi:_pproc_wstr___TI_printfi</name>
         <load_address>0x13aba</load_address>
         <run_address>0x13aba</run_address>
         <size>0xb8</size>
         <input_file_ref idref="fl-a5"/>
      </object_component>
      <object_component id="oc-aae">
         <name>.text:__mspabi_cvtdf</name>
         <load_address>0x13b72</load_address>
         <run_address>0x13b72</run_address>
         <size>0xb2</size>
         <input_file_ref idref="fl-7c"/>
      </object_component>
      <object_component id="oc-932">
         <name>.text:vTaskDelayUntil</name>
         <load_address>0x13c24</load_address>
         <run_address>0x13c24</run_address>
         <size>0xae</size>
         <input_file_ref idref="fl-9"/>
      </object_component>
      <object_component id="oc-964">
         <name>.text:digito</name>
         <load_address>0x13cd2</load_address>
         <run_address>0x13cd2</run_address>
         <size>0xaa</size>
         <input_file_ref idref="fl-2"/>
      </object_component>
      <object_component id="oc-e3d">
         <name>.text:frexp</name>
         <load_address>0x13d7c</load_address>
         <run_address>0x13d7c</run_address>
         <size>0xa6</size>
         <input_file_ref idref="fl-b8"/>
      </object_component>
      <object_component id="oc-748">
         <name>.text</name>
         <load_address>0x13e22</load_address>
         <run_address>0x13e22</run_address>
         <size>0xa6</size>
         <input_file_ref idref="fl-c"/>
      </object_component>
      <object_component id="oc-ca3">
         <name>.text:__TI_printfi:_pproc_str___TI_printfi</name>
         <load_address>0x13ec8</load_address>
         <run_address>0x13ec8</run_address>
         <size>0x9e</size>
         <input_file_ref idref="fl-a5"/>
      </object_component>
      <object_component id="oc-e7b">
         <name>.text:__mspabi_fltlid</name>
         <load_address>0x13f66</load_address>
         <run_address>0x13f66</run_address>
         <size>0x9e</size>
         <input_file_ref idref="fl-ae"/>
      </object_component>
      <object_component id="oc-d3d">
         <name>.text:prvSwitchTimerLists</name>
         <load_address>0x14004</load_address>
         <run_address>0x14004</run_address>
         <size>0x9e</size>
         <input_file_ref idref="fl-a"/>
      </object_component>
      <object_component id="oc-b75">
         <name>.text:prvUnlockQueue</name>
         <load_address>0x140a2</load_address>
         <run_address>0x140a2</run_address>
         <size>0x9e</size>
         <input_file_ref idref="fl-7"/>
      </object_component>
      <object_component id="oc-b81">
         <name>.text:xTaskCheckForTimeOut</name>
         <load_address>0x14140</load_address>
         <run_address>0x14140</run_address>
         <size>0x9e</size>
         <input_file_ref idref="fl-9"/>
      </object_component>
      <object_component id="oc-945">
         <name>.text:prvAddNewTaskToReadyList</name>
         <load_address>0x141de</load_address>
         <run_address>0x141de</run_address>
         <size>0x9c</size>
         <input_file_ref idref="fl-9"/>
      </object_component>
      <object_component id="oc-a49">
         <name>.text:xQueueGenericReset</name>
         <load_address>0x1427a</load_address>
         <run_address>0x1427a</run_address>
         <size>0x9c</size>
         <input_file_ref idref="fl-7"/>
      </object_component>
      <object_component id="oc-cd9">
         <name>.text:xTimerGenericCommand</name>
         <load_address>0x14316</load_address>
         <run_address>0x14316</run_address>
         <size>0x8c</size>
         <input_file_ref idref="fl-a"/>
      </object_component>
      <object_component id="oc-e1c">
         <name>.text:_ecpy</name>
         <load_address>0x143a2</load_address>
         <run_address>0x143a2</run_address>
         <size>0x8a</size>
         <input_file_ref idref="fl-a5"/>
      </object_component>
      <object_component id="oc-e22">
         <name>.text:_mcpy</name>
         <load_address>0x1442c</load_address>
         <run_address>0x1442c</run_address>
         <size>0x8a</size>
         <input_file_ref idref="fl-a5"/>
      </object_component>
      <object_component id="oc-8d9">
         <name>.text:xTaskPriorityDisinherit</name>
         <load_address>0x144b6</load_address>
         <run_address>0x144b6</run_address>
         <size>0x8a</size>
         <input_file_ref idref="fl-9"/>
      </object_component>
      <object_component id="oc-a51">
         <name>.text:prvAddCurrentTaskToDelayedList</name>
         <load_address>0x14540</load_address>
         <run_address>0x14540</run_address>
         <size>0x88</size>
         <input_file_ref idref="fl-9"/>
      </object_component>
      <object_component id="oc-816">
         <name>.text:initHW</name>
         <load_address>0x145c8</load_address>
         <run_address>0x145c8</run_address>
         <size>0x86</size>
         <input_file_ref idref="fl-2"/>
      </object_component>
      <object_component id="oc-802">
         <name>.text:prvCopyDataToQueue</name>
         <load_address>0x1464e</load_address>
         <run_address>0x1464e</run_address>
         <size>0x86</size>
         <input_file_ref idref="fl-7"/>
      </object_component>
      <object_component id="oc-d65">
         <name>.text:HOSTlseek</name>
         <load_address>0x146d4</load_address>
         <run_address>0x146d4</run_address>
         <size>0x82</size>
         <input_file_ref idref="fl-c5"/>
      </object_component>
      <object_component id="oc-764">
         <name>.text:xQueueGenericSendFromISR</name>
         <load_address>0x14756</load_address>
         <run_address>0x14756</run_address>
         <size>0x82</size>
         <input_file_ref idref="fl-7"/>
      </object_component>
      <object_component id="oc-ccc">
         <name>.text:prvProcessExpiredTimer</name>
         <load_address>0x147d8</load_address>
         <run_address>0x147d8</run_address>
         <size>0x80</size>
         <input_file_ref idref="fl-a"/>
      </object_component>
      <object_component id="oc-7d2">
         <name>.text:xTaskRemoveFromEventList</name>
         <load_address>0x14858</load_address>
         <run_address>0x14858</run_address>
         <size>0x80</size>
         <input_file_ref idref="fl-9"/>
      </object_component>
      <object_component id="oc-e75">
         <name>.text:__TI_ltoa</name>
         <load_address>0x148d8</load_address>
         <run_address>0x148d8</run_address>
         <size>0x7c</size>
         <input_file_ref idref="fl-a6"/>
      </object_component>
      <object_component id="oc-82a">
         <name>.text:xTaskCreate</name>
         <load_address>0x14954</load_address>
         <run_address>0x14954</run_address>
         <size>0x7c</size>
         <input_file_ref idref="fl-9"/>
      </object_component>
      <object_component id="oc-bfe">
         <name>.text:prvProcessTimerOrBlockTask</name>
         <load_address>0x149d0</load_address>
         <run_address>0x149d0</run_address>
         <size>0x7a</size>
         <input_file_ref idref="fl-a"/>
      </object_component>
      <object_component id="oc-742">
         <name>.text:xQueueGiveFromISR</name>
         <load_address>0x14a4a</load_address>
         <run_address>0x14a4a</run_address>
         <size>0x7a</size>
         <input_file_ref idref="fl-7"/>
      </object_component>
      <object_component id="oc-cd3">
         <name>.text:prvInsertTimerInActiveList</name>
         <load_address>0x14ac4</load_address>
         <run_address>0x14ac4</run_address>
         <size>0x76</size>
         <input_file_ref idref="fl-a"/>
      </object_component>
      <object_component id="oc-7f1">
         <name>.text:vApplicationSetupTimerInterrupt</name>
         <load_address>0x14b3a</load_address>
         <run_address>0x14b3a</run_address>
         <size>0x76</size>
         <input_file_ref idref="fl-2"/>
      </object_component>
      <object_component id="oc-dbc">
         <name>.text:_pconv_f</name>
         <load_address>0x14bb0</load_address>
         <run_address>0x14bb0</run_address>
         <size>0x74</size>
         <input_file_ref idref="fl-a5"/>
      </object_component>
      <object_component id="oc-778">
         <name>.text:main</name>
         <load_address>0x14c24</load_address>
         <run_address>0x14c24</run_address>
         <size>0x6e</size>
         <input_file_ref idref="fl-2"/>
      </object_component>
      <object_component id="oc-75d">
         <name>.text:xQueueReceiveFromISR</name>
         <load_address>0x14c92</load_address>
         <run_address>0x14c92</run_address>
         <size>0x6e</size>
         <input_file_ref idref="fl-7"/>
      </object_component>
      <object_component id="oc-905">
         <name>.text:CS_initClockSignal</name>
         <load_address>0x14d00</load_address>
         <run_address>0x14d00</run_address>
         <size>0x6a</size>
         <input_file_ref idref="fl-12"/>
      </object_component>
      <object_component id="oc-d71">
         <name>.text:HOSTrename</name>
         <load_address>0x14d6a</load_address>
         <run_address>0x14d6a</run_address>
         <size>0x6a</size>
         <input_file_ref idref="fl-c8"/>
      </object_component>
      <object_component id="oc-861">
         <name>.text:__TI_auto_init_nobinit_nopinit_hold_wdt:__TI_auto_init_nobinit_nopinit_hold_wdt</name>
         <load_address>0x14dd4</load_address>
         <run_address>0x14dd4</run_address>
         <size>0x6a</size>
         <input_file_ref idref="fl-9a"/>
      </object_component>
      <object_component id="oc-ab4">
         <name>.text</name>
         <load_address>0x14e3e</load_address>
         <run_address>0x14e3e</run_address>
         <size>0x68</size>
         <input_file_ref idref="fl-82"/>
      </object_component>
      <object_component id="oc-e6f">
         <name>.text:__mspabi_fixdli</name>
         <load_address>0x14ea6</load_address>
         <run_address>0x14ea6</run_address>
         <size>0x66</size>
         <input_file_ref idref="fl-ac"/>
      </object_component>
      <object_component id="oc-d4d">
         <name>.text:HOSTopen</name>
         <load_address>0x14f0c</load_address>
         <run_address>0x14f0c</run_address>
         <size>0x64</size>
         <input_file_ref idref="fl-c6"/>
      </object_component>
      <object_component id="oc-aa2">
         <name>.text:__mspabi_cvtfd</name>
         <load_address>0x14f70</load_address>
         <run_address>0x14f70</run_address>
         <size>0x64</size>
         <input_file_ref idref="fl-7d"/>
      </object_component>
      <object_component id="oc-a92">
         <name>.text:__TI_doflush</name>
         <load_address>0x14fd4</load_address>
         <run_address>0x14fd4</run_address>
         <size>0x62</size>
         <input_file_ref idref="fl-a1"/>
      </object_component>
      <object_component id="oc-d5f">
         <name>.text:HOSTwrite</name>
         <load_address>0x15036</load_address>
         <run_address>0x15036</run_address>
         <size>0x60</size>
         <input_file_ref idref="fl-ca"/>
      </object_component>
      <object_component id="oc-d59">
         <name>.text:HOSTread</name>
         <load_address>0x15096</load_address>
         <run_address>0x15096</run_address>
         <size>0x5e</size>
         <input_file_ref idref="fl-c7"/>
      </object_component>
      <object_component id="oc-a6c">
         <name>.text:prvInitialiseTaskLists</name>
         <load_address>0x150f4</load_address>
         <run_address>0x150f4</run_address>
         <size>0x5e</size>
         <input_file_ref idref="fl-9"/>
      </object_component>
      <object_component id="oc-c53">
         <name>.text:__mpyll</name>
         <load_address>0x15152</load_address>
         <run_address>0x15152</run_address>
         <size>0x5c</size>
         <input_file_ref idref="fl-8c"/>
      </object_component>
      <object_component id="oc-a2d">
         <name>.text:prvHeapInit</name>
         <load_address>0x151ae</load_address>
         <run_address>0x151ae</run_address>
         <size>0x58</size>
         <input_file_ref idref="fl-4"/>
      </object_component>
      <object_component id="oc-ac1">
         <name>.text</name>
         <load_address>0x15206</load_address>
         <run_address>0x15206</run_address>
         <size>0x58</size>
         <input_file_ref idref="fl-81"/>
      </object_component>
      <object_component id="oc-a36">
         <name>.text:prvInsertBlockIntoFreeList</name>
         <load_address>0x1525e</load_address>
         <run_address>0x1525e</run_address>
         <size>0x56</size>
         <input_file_ref idref="fl-4"/>
      </object_component>
      <object_component id="oc-939">
         <name>.text:vPortFree</name>
         <load_address>0x152b4</load_address>
         <run_address>0x152b4</run_address>
         <size>0x56</size>
         <input_file_ref idref="fl-4"/>
      </object_component>
      <object_component id="oc-836">
         <name>.text:vTaskStartScheduler</name>
         <load_address>0x1530a</load_address>
         <run_address>0x1530a</run_address>
         <size>0x56</size>
         <input_file_ref idref="fl-9"/>
      </object_component>
      <object_component id="oc-973">
         <name>.text:fflush</name>
         <load_address>0x15360</load_address>
         <run_address>0x15360</run_address>
         <size>0x54</size>
         <input_file_ref idref="fl-a1"/>
      </object_component>
      <object_component id="oc-ae3">
         <name>.text:prvCheckForValidListAndQueue</name>
         <load_address>0x153b4</load_address>
         <run_address>0x153b4</run_address>
         <size>0x54</size>
         <input_file_ref idref="fl-a"/>
      </object_component>
      <object_component id="oc-d14">
         <name>.text:atoi</name>
         <load_address>0x15408</load_address>
         <run_address>0x15408</run_address>
         <size>0x52</size>
         <input_file_ref idref="fl-b5"/>
      </object_component>
      <object_component id="oc-94c">
         <name>.text:configuraUART</name>
         <load_address>0x1545a</load_address>
         <run_address>0x1545a</run_address>
         <size>0x50</size>
         <input_file_ref idref="fl-3"/>
      </object_component>
      <object_component id="oc-b43">
         <name>.text:vListInsert</name>
         <load_address>0x154aa</load_address>
         <run_address>0x154aa</run_address>
         <size>0x50</size>
         <input_file_ref idref="fl-6"/>
      </object_component>
      <object_component id="oc-cc6">
         <name>.text:vQueueWaitForMessageRestricted</name>
         <load_address>0x154fa</load_address>
         <run_address>0x154fa</run_address>
         <size>0x50</size>
         <input_file_ref idref="fl-7"/>
      </object_component>
      <object_component id="oc-ad6">
         <name>.text:prvCheckTasksWaitingTermination</name>
         <load_address>0x1554a</load_address>
         <run_address>0x1554a</run_address>
         <size>0x4e</size>
         <input_file_ref idref="fl-9"/>
      </object_component>
      <object_component id="oc-81c">
         <name>.text:xQueueGenericCreate</name>
         <load_address>0x15598</load_address>
         <run_address>0x15598</run_address>
         <size>0x4e</size>
         <input_file_ref idref="fl-7"/>
      </object_component>
      <object_component id="oc-823">
         <name>.text:vTareaPantalla</name>
         <load_address>0x155e6</load_address>
         <run_address>0x155e6</run_address>
         <size>0x4a</size>
         <input_file_ref idref="fl-2"/>
      </object_component>
      <object_component id="oc-e2f">
         <name>.text:_fcpy</name>
         <load_address>0x15630</load_address>
         <run_address>0x15630</run_address>
         <size>0x48</size>
         <input_file_ref idref="fl-a5"/>
      </object_component>
      <object_component id="oc-d53">
         <name>.text:HOSTclose</name>
         <load_address>0x15678</load_address>
         <run_address>0x15678</run_address>
         <size>0x46</size>
         <input_file_ref idref="fl-c4"/>
      </object_component>
      <object_component id="oc-990">
         <name>.text</name>
         <load_address>0x156be</load_address>
         <run_address>0x156be</run_address>
         <size>0x46</size>
         <input_file_ref idref="fl-83"/>
      </object_component>
      <object_component id="oc-9b3">
         <name>.text:xTimerCreateTimerTask</name>
         <load_address>0x15704</load_address>
         <run_address>0x15704</run_address>
         <size>0x44</size>
         <input_file_ref idref="fl-a"/>
      </object_component>
      <object_component id="oc-d6b">
         <name>.text:HOSTunlink</name>
         <load_address>0x15748</load_address>
         <run_address>0x15748</run_address>
         <size>0x42</size>
         <input_file_ref idref="fl-c9"/>
      </object_component>
      <object_component id="oc-8ed">
         <name>.text:GPIO_setAsPeripheralModuleFunctionInputPin</name>
         <load_address>0x1578a</load_address>
         <run_address>0x1578a</run_address>
         <size>0x40</size>
         <input_file_ref idref="fl-1b"/>
      </object_component>
      <object_component id="oc-8f3">
         <name>.text:GPIO_setAsPeripheralModuleFunctionOutputPin</name>
         <load_address>0x157ca</load_address>
         <run_address>0x157ca</run_address>
         <size>0x40</size>
         <input_file_ref idref="fl-1b"/>
      </object_component>
      <object_component id="oc-6d5">
         <name>.text:__memcpy_far</name>
         <load_address>0x1580a</load_address>
         <run_address>0x1580a</run_address>
         <size>0x40</size>
         <input_file_ref idref="fl-7b"/>
      </object_component>
      <object_component id="oc-ef1">
         <name>.text:__mspabi_srall</name>
         <load_address>0x1584a</load_address>
         <run_address>0x1584a</run_address>
         <size>0x40</size>
         <input_file_ref idref="fl-b3"/>
      </object_component>
      <object_component id="oc-9a0">
         <name>.text</name>
         <load_address>0x1588a</load_address>
         <run_address>0x1588a</run_address>
         <size>0x40</size>
         <input_file_ref idref="fl-7f"/>
      </object_component>
      <object_component id="oc-6f8">
         <name>.text:decompress:ZI:__TI_zero_init_nomemset:__TI_zero_init_nomemset</name>
         <load_address>0x158ca</load_address>
         <run_address>0x158ca</run_address>
         <size>0x3e</size>
         <input_file_ref idref="fl-7a"/>
      </object_component>
      <object_component id="oc-ba0">
         <name>.text:l_asr_const</name>
         <load_address>0x15908</load_address>
         <run_address>0x15908</run_address>
         <size>0x3e</size>
         <input_file_ref idref="fl-95"/>
      </object_component>
      <object_component id="oc-bb8">
         <name>.text:l_lsl_const</name>
         <load_address>0x15946</load_address>
         <run_address>0x15946</run_address>
         <size>0x3e</size>
         <input_file_ref idref="fl-92"/>
      </object_component>
      <object_component id="oc-ec6">
         <name>.text:l_lsr_const</name>
         <load_address>0x15984</load_address>
         <run_address>0x15984</run_address>
         <size>0x3e</size>
         <input_file_ref idref="fl-b0"/>
      </object_component>
      <object_component id="oc-8a">
         <name>.text:decompress:none:__TI_decompress_none</name>
         <load_address>0x159c2</load_address>
         <run_address>0x159c2</run_address>
         <size>0x3c</size>
         <input_file_ref idref="fl-56"/>
      </object_component>
      <object_component id="oc-90b">
         <name>.text:CS_turnOnLFXT</name>
         <load_address>0x159fe</load_address>
         <run_address>0x159fe</run_address>
         <size>0x3a</size>
         <input_file_ref idref="fl-12"/>
      </object_component>
      <object_component id="oc-c4d">
         <name>.text:__mspabi_sllll</name>
         <load_address>0x15a38</load_address>
         <run_address>0x15a38</run_address>
         <size>0x3a</size>
         <input_file_ref idref="fl-93"/>
      </object_component>
      <object_component id="oc-c5d">
         <name>.text:__mspabi_srlll</name>
         <load_address>0x15a72</load_address>
         <run_address>0x15a72</run_address>
         <size>0x3a</size>
         <input_file_ref idref="fl-96"/>
      </object_component>
      <object_component id="oc-cc4">
         <name>.text:prvSampleTimeNow</name>
         <load_address>0x15aac</load_address>
         <run_address>0x15aac</run_address>
         <size>0x38</size>
         <input_file_ref idref="fl-a"/>
      </object_component>
      <object_component id="oc-a74">
         <name>.text:putserial</name>
         <load_address>0x15ae4</load_address>
         <run_address>0x15ae4</run_address>
         <size>0x38</size>
         <input_file_ref idref="fl-3"/>
      </object_component>
      <object_component id="oc-9a5">
         <name>.text:sprintf</name>
         <load_address>0x15b1c</load_address>
         <run_address>0x15b1c</run_address>
         <size>0x38</size>
         <input_file_ref idref="fl-a4"/>
      </object_component>
      <object_component id="oc-d43">
         <name>.text:vTaskPlaceOnEventListRestricted</name>
         <load_address>0x15b54</load_address>
         <run_address>0x15b54</run_address>
         <size>0x38</size>
         <input_file_ref idref="fl-9"/>
      </object_component>
      <object_component id="oc-985">
         <name>.text</name>
         <load_address>0x15b8c</load_address>
         <run_address>0x15b8c</run_address>
         <size>0x36</size>
         <input_file_ref idref="fl-84"/>
      </object_component>
      <object_component id="oc-96a">
         <name>.text:vTaskDelay</name>
         <load_address>0x15bc2</load_address>
         <run_address>0x15bc2</run_address>
         <size>0x34</size>
         <input_file_ref idref="fl-9"/>
      </object_component>
      <object_component id="oc-a7b">
         <name>.text:uxQueueMessagesWaiting</name>
         <load_address>0x15bf6</load_address>
         <run_address>0x15bf6</run_address>
         <size>0x32</size>
         <input_file_ref idref="fl-7"/>
      </object_component>
      <object_component id="oc-881">
         <name>.text:uxListRemove</name>
         <load_address>0x15c28</load_address>
         <run_address>0x15c28</run_address>
         <size>0x30</size>
         <input_file_ref idref="fl-6"/>
      </object_component>
      <object_component id="oc-98a">
         <name>.text:PORCENTAJE</name>
         <load_address>0x15c58</load_address>
         <run_address>0x15c58</run_address>
         <size>0x2e</size>
         <input_file_ref idref="fl-2"/>
      </object_component>
      <object_component id="oc-dda">
         <name>.text:__TI_writemsg</name>
         <load_address>0x15c86</load_address>
         <run_address>0x15c86</run_address>
         <size>0x2e</size>
         <input_file_ref idref="fl-cb"/>
      </object_component>
      <object_component id="oc-e81">
         <name>.text:__mspabi_subd</name>
         <load_address>0x15cb4</load_address>
         <run_address>0x15cb4</run_address>
         <size>0x2e</size>
         <input_file_ref idref="fl-b1"/>
      </object_component>
      <object_component id="oc-ee1">
         <name>.text:copysign</name>
         <load_address>0x15ce2</load_address>
         <run_address>0x15ce2</run_address>
         <size>0x2e</size>
         <input_file_ref idref="fl-ba"/>
      </object_component>
      <object_component id="oc-bf8">
         <name>.text:prvGetNextExpireTime</name>
         <load_address>0x15d10</load_address>
         <run_address>0x15d10</run_address>
         <size>0x2e</size>
         <input_file_ref idref="fl-a"/>
      </object_component>
      <object_component id="oc-c33">
         <name>.text:prvIsQueueFull</name>
         <load_address>0x15d3e</load_address>
         <run_address>0x15d3e</run_address>
         <size>0x2e</size>
         <input_file_ref idref="fl-7"/>
      </object_component>
      <object_component id="oc-8bd">
         <name>.text:prvResetNextTaskUnblockTime</name>
         <load_address>0x15d6c</load_address>
         <run_address>0x15d6c</run_address>
         <size>0x2e</size>
         <input_file_ref idref="fl-9"/>
      </object_component>
      <object_component id="oc-b6f">
         <name>.text:vTaskPlaceOnEventList</name>
         <load_address>0x15d9a</load_address>
         <run_address>0x15d9a</run_address>
         <size>0x2e</size>
         <input_file_ref idref="fl-9"/>
      </object_component>
      <object_component id="oc-de0">
         <name>.text:__TI_readmsg</name>
         <load_address>0x15dc8</load_address>
         <run_address>0x15dc8</run_address>
         <size>0x2c</size>
         <input_file_ref idref="fl-cb"/>
      </object_component>
      <object_component id="oc-78a">
         <name>.text:__mpu_init</name>
         <load_address>0x15df4</load_address>
         <run_address>0x15df4</run_address>
         <size>0x2c</size>
         <input_file_ref idref="fl-98"/>
      </object_component>
      <object_component id="oc-c58">
         <name>.text:__mpyull</name>
         <load_address>0x15e20</load_address>
         <run_address>0x15e20</run_address>
         <size>0x2c</size>
         <input_file_ref idref="fl-8e"/>
      </object_component>
      <object_component id="oc-b69">
         <name>.text:prvIsQueueEmpty</name>
         <load_address>0x15e4c</load_address>
         <run_address>0x15e4c</run_address>
         <size>0x2c</size>
         <input_file_ref idref="fl-7"/>
      </object_component>
      <object_component id="oc-a9a">
         <name>.text</name>
         <load_address>0x15e78</load_address>
         <run_address>0x15e78</run_address>
         <size>0x2c</size>
         <input_file_ref idref="fl-7e"/>
      </object_component>
      <object_component id="oc-db0">
         <name>.text:__mspabi_negd</name>
         <load_address>0x15ea4</load_address>
         <run_address>0x15ea4</run_address>
         <size>0x2a</size>
         <input_file_ref idref="fl-af"/>
      </object_component>
      <object_component id="oc-7fb">
         <name>.text:prvCopyDataFromQueue</name>
         <load_address>0x15ece</load_address>
         <run_address>0x15ece</run_address>
         <size>0x2a</size>
         <input_file_ref idref="fl-7"/>
      </object_component>
[...]
      </symbol>
      <symbol id="sm-dc1">
         <name>__mspabi_remul</name>
         <value>0x15206</value>
         <object_component_ref idref="oc-ac1"/>
      </symbol>
      <symbol id="sm-dc2">
         <name>__mspabi_divul</name>
         <value>0x15206</value>
         <object_component_ref idref="oc-ac1"/>
      </symbol>
      <symbol id="sm-dd4">
         <name>__mspabi_fixfi</name>
         <value>0x14e3e</value>
         <object_component_ref idref="oc-ab4"/>
      </symbol>
      <symbol id="sm-de3">
         <name>__mspabi_fixfu</name>
         <value>0x156be</value>
         <object_component_ref idref="oc-990"/>
      </symbol>
      <symbol id="sm-df0">
         <name>__mspabi_fltif</name>
         <value>0x15b8c</value>
         <object_component_ref idref="oc-985"/>
      </symbol>
      <symbol id="sm-e1b">
         <name>__mspabi_mpyd</name>
         <value>0x10ede</value>
         <object_component_ref idref="oc-aa8"/>
      </symbol>
      <symbol id="sm-e26">
         <name>__TI_frcmpyd</name>
         <value>0x12a3e</value>
         <object_component_ref idref="oc-bab"/>
      </symbol>
      <symbol id="sm-e2f">
         <name>__mspabi_mpyi_f5hw</name>
         <value>0x16096</value>
         <object_component_ref idref="oc-887"/>
      </symbol>
      <symbol id="sm-e38">
         <name>__mspabi_mpyl_f5hw</name>
         <value>0x15f98</value>
         <object_component_ref idref="oc-99b"/>
      </symbol>
      <symbol id="sm-e41">
         <name>__mspabi_mpyll_f5hw</name>
         <value>0x15152</value>
         <object_component_ref idref="oc-c53"/>
      </symbol>
      <symbol id="sm-e4a">
         <name>__mspabi_mpyull_f5hw</name>
         <value>0x15e20</value>
         <object_component_ref idref="oc-c58"/>
      </symbol>
      <symbol id="sm-e55">
         <name>__mspabi_slll_9</name>
         <value>0x1595e</value>
         <object_component_ref idref="oc-bb8"/>
      </symbol>
      <symbol id="sm-e56">
         <name>__mspabi_slll_8</name>
         <value>0x15962</value>
         <object_component_ref idref="oc-bb8"/>
      </symbol>
      <symbol id="sm-e57">
         <name>__mspabi_slll_7</name>
         <value>0x15966</value>
         <object_component_ref idref="oc-bb8"/>
      </symbol>
      <symbol id="sm-e58">
         <name>__mspabi_slll_6</name>
         <value>0x1596a</value>
         <object_component_ref idref="oc-bb8"/>
      </symbol>
      <symbol id="sm-e59">
         <name>__mspabi_slll_5</name>
         <value>0x1596e</value>
         <object_component_ref idref="oc-bb8"/>
      </symbol>
      <symbol id="sm-e5a">
         <name>__mspabi_slll_4</name>
         <value>0x15972</value>
         <object_component_ref idref="oc-bb8"/>
      </symbol>
      <symbol id="sm-e5b">
         <name>__mspabi_slll_3</name>
         <value>0x15976</value>
         <object_component_ref idref="oc-bb8"/>
      </symbol>
      <symbol id="sm-e5c">
         <name>__mspabi_slll_2</name>
         <value>0x1597a</value>
         <object_component_ref idref="oc-bb8"/>
      </symbol>
      <symbol id="sm-e5d">
         <name>__mspabi_slll_1</name>
         <value>0x1597e</value>
         <object_component_ref idref="oc-bb8"/>
      </symbol>
      <symbol id="sm-e5e">
         <name>__mspabi_slll_15</name>
         <value>0x15946</value>
         <object_component_ref idref="oc-bb8"/>
      </symbol>
      <symbol id="sm-e5f">
         <name>__mspabi_slll_14</name>
         <value>0x1594a</value>
         <object_component_ref idref="oc-bb8"/>
      </symbol>
      <symbol id="sm-e60">
         <name>__mspabi_slll_13</name>
         <value>0x1594e</value>
         <object_component_ref idref="oc-bb8"/>
      </symbol>
      <symbol id="sm-e61">
         <name>__mspabi_slll_12</name>
         <value>0x15952</value>
         <object_component_ref idref="oc-bb8"/>
      </symbol>
      <symbol id="sm-e62">
         <name>__mspabi_slll_11</name>
         <value>0x15956</value>
         <object_component_ref idref="oc-bb8"/>
      </symbol>
      <symbol id="sm-e63">
         <name>__mspabi_slll_10</name>
         <value>0x1595a</value>
         <object_component_ref idref="oc-bb8"/>
      </symbol>
      <symbol id="sm-e70">
         <name>__mspabi_sllll</name>
         <value>0x15a38</value>
         <object_component_ref idref="oc-c4d"/>
      </symbol>
      <symbol id="sm-e79">
         <name>__mspabi_sral_15</name>
         <value>0x15908</value>
         <object_component_ref idref="oc-ba0"/>
      </symbol>
      <symbol id="sm-e7a">
         <name>__mspabi_sral_14</name>
         <value>0x1590c</value>
         <object_component_ref idref="oc-ba0"/>
      </symbol>
      <symbol id="sm-e7b">
         <name>__mspabi_sral_13</name>
         <value>0x15910</value>
         <object_component_ref idref="oc-ba0"/>
      </symbol>
      <symbol id="sm-e7c">
         <name>__mspabi_sral_12</name>
         <value>0x15914</value>
         <object_component_ref idref="oc-ba0"/>
      </symbol>
      <symbol id="sm-e7d">
         <name>__mspabi_sral_11</name>
         <value>0x15918</value>
         <object_component_ref idref="oc-ba0"/>
      </symbol>
      <symbol id="sm-e7e">
         <name>__mspabi_sral_10</name>
         <value>0x1591c</value>
         <object_component_ref idref="oc-ba0"/>
      </symbol>
      <symbol id="sm-e7f">
         <name>__mspabi_sral_8</name>
         <value>0x15924</value>
         <object_component_ref idref="oc-ba0"/>
      </symbol>
      <symbol id="sm-e80">
         <name>__mspabi_sral_9</name>
         <value>0x15920</value>
         <object_component_ref idref="oc-ba0"/>
      </symbol>
      <symbol id="sm-e81">
         <name>__mspabi_sral_6</name>
         <value>0x1592c</value>
         <object_component_ref idref="oc-ba0"/>
      </symbol>
      <symbol id="sm-e82">
         <name>__mspabi_sral_7</name>
         <value>0x15928</value>
         <object_component_ref idref="oc-ba0"/>
      </symbol>
      <symbol id="sm-e83">
         <name>__mspabi_sral_4</name>
         <value>0x15934</value>
         <object_component_ref idref="oc-ba0"/>
      </symbol>
      <symbol id="sm-e84">
         <name>__mspabi_sral_5</name>
         <value>0x15930</value>
         <object_component_ref idref="oc-ba0"/>
      </symbol>
      <symbol id="sm-e85">
         <name>__mspabi_sral_2</name>
         <value>0x1593c</value>
         <object_component_ref idref="oc-ba0"/>
      </symbol>
      <symbol id="sm-e86">
         <name>__mspabi_sral_3</name>
         <value>0x15938</value>
         <object_component_ref idref="oc-ba0"/>
      </symbol>
      <symbol id="sm-e87">
         <name>__mspabi_sral_1</name>
         <value>0x15940</value>
         <object_component_ref idref="oc-ba0"/>
      </symbol>
      <symbol id="sm-e94">
         <name>__mspabi_srlll</name>
         <value>0x15a72</value>
         <object_component_ref idref="oc-c5d"/>
      </symbol>
      <symbol id="sm-ea4">
         <name>_c_int00_noargs_mpu</name>
         <value>0x7e2c</value>
         <object_component_ref idref="oc-722"/>
      </symbol>
      <symbol id="sm-ea5">
         <name>_stack</name>
         <value>0x2b60</value>
         <object_component_ref idref="oc-6c6"/>
      </symbol>
      <symbol id="sm-ea6">
         <name>_reset_vector</name>
         <value>0xfffe</value>
         <object_component_ref idref="oc-6c9"/>
      </symbol>
      <symbol id="sm-eaf">
         <name>__mpu_init</name>
         <value>0x15df4</value>
         <object_component_ref idref="oc-78a"/>
      </symbol>
      <symbol id="sm-ed2">
         <name>__TI_auto_init_nobinit_nopinit_hold_wdt</name>
         <value>0x14dd4</value>
         <object_component_ref idref="oc-861"/>
      </symbol>
      <symbol id="sm-ee7">
         <name>_ftable</name>
         <value>0x1c78</value>
         <object_component_ref idref="oc-970"/>
      </symbol>
      <symbol id="sm-ee8">
         <name>__TI_ft_end</name>
         <value>0x1d5e</value>
         <object_component_ref idref="oc-a8f"/>
      </symbol>
      <symbol id="sm-ef1">
         <name>_system_post_cinit</name>
         <value>0x162d4</value>
         <object_component_ref idref="oc-9cc"/>
      </symbol>
      <symbol id="sm-efc">
         <name>C$$EXIT</name>
         <value>0x162ba</value>
         <object_component_ref idref="oc-83d"/>
      </symbol>
      <symbol id="sm-efd">
         <name>abort</name>
         <value>0x162ba</value>
         <object_component_ref idref="oc-83d"/>
      </symbol>
      <symbol id="sm-f14">
         <name>_nop</name>
         <value>0x162d2</value>
         <object_component_ref idref="oc-af9"/>
      </symbol>
      <symbol id="sm-f15">
         <name>_lock</name>
         <value>0x1d54</value>
         <object_component_ref idref="oc-9be"/>
      </symbol>
      <symbol id="sm-f16">
         <name>_unlock</name>
         <value>0x1d58</value>
         <object_component_ref idref="oc-9c7"/>
      </symbol>
      <symbol id="sm-f32">
         <name>__TI_doflush</name>
         <value>0x14fd4</value>
         <object_component_ref idref="oc-a92"/>
      </symbol>
      <symbol id="sm-f33">
         <name>fflush</name>
         <value>0x15360</value>
         <object_component_ref idref="oc-973"/>
      </symbol>
      <symbol id="sm-f41">
         <name>memcpy</name>
         <value>0x16204</value>
         <object_component_ref idref="oc-8d2"/>
      </symbol>
      <symbol id="sm-f4f">
         <name>memset</name>
         <value>0x16190</value>
         <object_component_ref idref="oc-a59"/>
      </symbol>
      <symbol id="sm-f70">
         <name>sprintf</name>
         <value>0x15b1c</value>
         <object_component_ref idref="oc-9a5"/>
      </symbol>
      <symbol id="sm-1141">
         <name>__TI_printfi</name>
         <value>0x11176</value>
         <object_component_ref idref="oc-bd4"/>
      </symbol>
      <symbol id="sm-1150">
         <name>__TI_ltoa</name>
         <value>0x148d8</value>
         <object_component_ref idref="oc-e75"/>
      </symbol>
      <symbol id="sm-116a">
         <name>__mspabi_cmpd</name>
         <value>0x1369c</value>
         <object_component_ref idref="oc-dce"/>
      </symbol>
      <symbol id="sm-118b">
         <name>__mspabi_divd</name>
         <value>0x11ad4</value>
         <object_component_ref idref="oc-e36"/>
      </symbol>
      <symbol id="sm-11a6">
         <name>__TI_frcdivd</name>
         <value>0x1072a</value>
         <object_component_ref idref="oc-e98"/>
      </symbol>
      <symbol id="sm-11d9">
         <name>__mspabi_divull</name>
         <value>0x10b90</value>
         <object_component_ref idref="oc-e03"/>
      </symbol>
      <symbol id="sm-11e6">
         <name>__mspabi_fixdi</name>
         <value>0x15f22</value>
         <object_component_ref idref="oc-e87"/>
      </symbol>
      <symbol id="sm-11f5">
         <name>__mspabi_fixdli</name>
         <value>0x14ea6</value>
         <object_component_ref idref="oc-e6f"/>
      </symbol>
      <symbol id="sm-11fe">
         <name>__mspabi_fltid</name>
         <value>0x16250</value>
         <object_component_ref idref="oc-eb3"/>
      </symbol>
      <symbol id="sm-1216">
         <name>__mspabi_fltlid</name>
         <value>0x13f66</value>
         <object_component_ref idref="oc-e7b"/>
      </symbol>
      <symbol id="sm-121f">
         <name>__mspabi_negd</name>
         <value>0x15ea4</value>
         <object_component_ref idref="oc-db0"/>
      </symbol>
      <symbol id="sm-122f">
         <name>__mspabi_srll_8</name>
         <value>0x159a0</value>
         <object_component_ref idref="oc-ec6"/>
      </symbol>
      <symbol id="sm-1230">
         <name>__mspabi_srll_9</name>
         <value>0x1599c</value>
         <object_component_ref idref="oc-ec6"/>
      </symbol>
      <symbol id="sm-1231">
         <name>__mspabi_srll_6</name>
         <value>0x159a8</value>
         <object_component_ref idref="oc-ec6"/>
      </symbol>
      <symbol id="sm-1232">
         <name>__mspabi_srll_7</name>
         <value>0x159a4</value>
         <object_component_ref idref="oc-ec6"/>
      </symbol>
      <symbol id="sm-1233">
         <name>__mspabi_srll_4</name>
         <value>0x159b0</value>
         <object_component_ref idref="oc-ec6"/>
      </symbol>
      <symbol id="sm-1234">
         <name>__mspabi_srll_5</name>
         <value>0x159ac</value>
         <object_component_ref idref="oc-ec6"/>
      </symbol>
      <symbol id="sm-1235">
         <name>__mspabi_srll_2</name>
         <value>0x159b8</value>
         <object_component_ref idref="oc-ec6"/>
      </symbol>
      <symbol id="sm-1236">
         <name>__mspabi_srll_3</name>
         <value>0x159b4</value>
         <object_component_ref idref="oc-ec6"/>
      </symbol>
      <symbol id="sm-1237">
         <name>__mspabi_srll_1</name>
         <value>0x159bc</value>
         <object_component_ref idref="oc-ec6"/>
      </symbol>
      <symbol id="sm-1238">
         <name>__mspabi_srll_15</name>
         <value>0x15984</value>
         <object_component_ref idref="oc-ec6"/>
      </symbol>
      <symbol id="sm-1239">
         <name>__mspabi_srll_14</name>
         <value>0x15988</value>
         <object_component_ref idref="oc-ec6"/>
      </symbol>
      <symbol id="sm-123a">
         <name>__mspabi_srll_13</name>
         <value>0x1598c</value>
         <object_component_ref idref="oc-ec6"/>
      </symbol>
      <symbol id="sm-123b">
         <name>__mspabi_srll_12</name>
         <value>0x15990</value>
         <object_component_ref idref="oc-ec6"/>
      </symbol>
      <symbol id="sm-123c">
         <name>__mspabi_srll_11</name>
         <value>0x15994</value>
         <object_component_ref idref="oc-ec6"/>
      </symbol>
      <symbol id="sm-123d">
         <name>__mspabi_srll_10</name>
         <value>0x15998</value>
         <object_component_ref idref="oc-ec6"/>
      </symbol>
      <symbol id="sm-123e">
         <name>__mspabi_srll</name>
         <value>0x16216</value>
         <object_component_ref idref="oc-e66"/>
      </symbol>
      <symbol id="sm-1247">
         <name>__mspabi_subd</name>
         <value>0x15cb4</value>
         <object_component_ref idref="oc-e81"/>
      </symbol>
      <symbol id="sm-1281">
         <name>__mspabi_addd</name>
         <value>0x10000</value>
         <object_component_ref idref="oc-ecd"/>
      </symbol>
      <symbol id="sm-128e">
         <name>__mspabi_srall</name>
         <value>0x1584a</value>
         <object_component_ref idref="oc-ef1"/>
      </symbol>
      <symbol id="sm-1298">
         <name>abs</name>
         <value>0x16296</value>
         <object_component_ref idref="oc-e8e"/>
      </symbol>
      <symbol id="sm-12ab">
         <name>atoi</name>
         <value>0x15408</value>
         <object_component_ref idref="oc-d14"/>
      </symbol>
      <symbol id="sm-12b5">
         <name>_ctypes_</name>
         <value>0x7c00</value>
         <object_component_ref idref="oc-abb"/>
      </symbol>
      <symbol id="sm-12bc">
         <name>errno</name>
         <value>0x1d60</value>
         <object_component_ref idref="oc-d29"/>
      </symbol>
      <symbol id="sm-12d8">
         <name>frexpl</name>
         <value>0x13d7c</value>
         <object_component_ref idref="oc-e3d"/>
      </symbol>
      <symbol id="sm-12d9">
         <name>frexp</name>
         <value>0x13d7c</value>
         <object_component_ref idref="oc-e3d"/>
      </symbol>
      <symbol id="sm-12f2">
         <name>scalbn</name>
         <value>0x12ba2</value>
         <object_component_ref idref="oc-ea7"/>
      </symbol>
      <symbol id="sm-12f3">
         <name>scalbnl</name>
         <value>0x12ba2</value>
         <object_component_ref idref="oc-ea7"/>
      </symbol>
      <symbol id="sm-12f4">
         <name>ldexpl</name>
         <value>0x12ba2</value>
         <object_component_ref idref="oc-ea7"/>
      </symbol>
      <symbol id="sm-12f5">
         <name>ldexp</name>
         <value>0x12ba2</value>
         <object_component_ref idref="oc-ea7"/>
      </symbol>
      <symbol id="sm-12fe">
         <name>copysign</name>
         <value>0x15ce2</value>
         <object_component_ref idref="oc-ee1"/>
      </symbol>
      <symbol id="sm-12ff">
         <name>copysignl</name>
         <value>0x15ce2</value>
         <object_component_ref idref="oc-ee1"/>
      </symbol>
      <symbol id="sm-130e">
         <name>memccpy</name>
         <value>0x16004</value>
         <object_component_ref idref="oc-d01"/>
      </symbol>
      <symbol id="sm-131d">
         <name>strchr</name>
         <value>0x16064</value>
         <object_component_ref idref="oc-ead"/>
      </symbol>
      <symbol id="sm-132a">
         <name>strcpy</name>
         <value>0x16226</value>
         <object_component_ref idref="oc-df1"/>
      </symbol>
      <symbol id="sm-1337">
         <name>strlen</name>
         <value>0x16236</value>
         <object_component_ref idref="oc-c6b"/>
      </symbol>
      <symbol id="sm-1344">
         <name>tolower</name>
         <value>0x16268</value>
         <object_component_ref idref="oc-995"/>
      </symbol>
      <symbol id="sm-1351">
         <name>toupper</name>
         <value>0x16274</value>
         <object_component_ref idref="oc-daa"/>
      </symbol>
      <symbol id="sm-1369">
         <name>wcslen</name>
         <value>0x161cc</value>
         <object_component_ref idref="oc-d23"/>
      </symbol>
      <symbol id="sm-1380">
         <name>write</name>
         <value>0x15fe0</value>
         <object_component_ref idref="oc-b91"/>
      </symbol>
      <symbol id="sm-138f">
         <name>_stream</name>
         <value>0x1cf0</value>
         <object_component_ref idref="oc-c46"/>
      </symbol>
      <symbol id="sm-1390">
         <name>_device</name>
         <value>0x1c00</value>
         <object_component_ref idref="oc-ce2"/>
      </symbol>
      <symbol id="sm-139c">
         <name>HOSTclose</name>
         <value>0x15678</value>
         <object_component_ref idref="oc-d53"/>
      </symbol>
      <symbol id="sm-13a8">
         <name>HOSTlseek</name>
         <value>0x146d4</value>
         <object_component_ref idref="oc-d65"/>
      </symbol>
      <symbol id="sm-13b6">
         <name>parmbuf</name>
         <value>0x1df2</value>
      </symbol>
      <symbol id="sm-13b7">
         <name>HOSTopen</name>
         <value>0x14f0c</value>
         <object_component_ref idref="oc-d4d"/>
      </symbol>
      <symbol id="sm-13c4">
         <name>HOSTread</name>
         <value>0x15096</value>
         <object_component_ref idref="oc-d59"/>
      </symbol>
      <symbol id="sm-13d0">
         <name>HOSTrename</name>
         <value>0x14d6a</value>
         <object_component_ref idref="oc-d71"/>
      </symbol>
      <symbol id="sm-13dc">
         <name>HOSTunlink</name>
         <value>0x15748</value>
         <object_component_ref idref="oc-d6b"/>
      </symbol>
      <symbol id="sm-13e9">
         <name>HOSTwrite</name>
         <value>0x15036</value>
         <object_component_ref idref="oc-d5f"/>
      </symbol>
      <symbol id="sm-1407">
         <name>__TI_readmsg</name>
         <value>0x15dc8</value>
         <object_component_ref idref="oc-de0"/>
      </symbol>
      <symbol id="sm-1408">
         <name>C$$IO$$</name>
         <value>0x15cb0</value>
         <object_component_ref idref="oc-dda"/>
      </symbol>
      <symbol id="sm-1409">
         <name>_CIOBUF_</name>
         <value>0x7800</value>
         <object_component_ref idref="oc-e4d"/>
      </symbol>
      <symbol id="sm-140a">
         <name>__TI_writemsg</name>
         <value>0x15c86</value>
         <object_component_ref idref="oc-dda"/>
      </symbol>
      <symbol id="sm-140f">
         <name>vPortSetupTimerInterrupt</name>
         <value>0x14b3a</value>
      </symbol>
   </symbol_table>
   <title>Link successful</title>
</link_info>
